Archive member included to satisfy reference by file (symbol)

C:/ST/STM32CubeIDE_1.11.2/STM32CubeIDE/plugins/com.st.stm32cube.ide.mcu.externaltools.gnu-tools-for-stm32.11.3.rel1.win32_1.1.1.202309131626/tools/bin/../lib/gcc/arm-none-eabi/11.3.1/../../../../arm-none-eabi/lib/thumb/v7e-m+fp/hard\libc_nano.a(libc_a-exit.o)
                              C:/ST/STM32CubeIDE_1.11.2/STM32CubeIDE/plugins/com.st.stm32cube.ide.mcu.externaltools.gnu-tools-for-stm32.11.3.rel1.win32_1.1.1.202309131626/tools/bin/../lib/gcc/arm-none-eabi/11.3.1/../../../../arm-none-eabi/lib/thumb/v7e-m+fp/hard/crt0.o (exit)
C:/ST/STM32CubeIDE_1.11.2/STM32CubeIDE/plugins/com.st.stm32cube.ide.mcu.externaltools.gnu-tools-for-stm32.11.3.rel1.win32_1.1.1.202309131626/tools/bin/../lib/gcc/arm-none-eabi/11.3.1/../../../../arm-none-eabi/lib/thumb/v7e-m+fp/hard\libc_nano.a(libc_a-nano-vfprintf_float.o)
                              (_printf_float)
C:/ST/STM32CubeIDE_1.11.2/STM32CubeIDE/plugins/com.st.stm32cube.ide.mcu.externaltools.gnu-tools-for-stm32.11.3.rel1.win32_1.1.1.202309131626/tools/bin/../lib/gcc/arm-none-eabi/11.3.1/../../../../arm-none-eabi/lib/thumb/v7e-m+fp/hard\libc_nano.a(libc_a-nano-vfprintf_i.o)
                              C:/ST/STM32CubeIDE_1.11.2/STM32CubeIDE/plugins/com.st.stm32cube.ide.mcu.externaltools.gnu-tools-for-stm32.11.3.rel1.win32_1.1.1.202309131626/tools/bin/../lib/gcc/arm-none-eabi/11.3.1/../../../../arm-none-eabi/lib/thumb/v7e-m+fp/hard\libc_nano.a(libc_a-nano-vfprintf_float.o) (_printf_common)
C:/ST/STM32CubeIDE_1.11.2/STM32CubeIDE/plugins/com.st.stm32cube.ide.mcu.externaltools.gnu-tools-for-stm32.11.3.rel1.win32_1.1.1.202309131626/tools/bin/../lib/gcc/arm-none-eabi/11.3.1/../../../../arm-none-eabi/lib/thumb/v7e-m+fp/hard\libc_nano.a(libc_a-findfp.o)
                              ./Middlewares/Third_Party/FreeRTOS/Source/tasks.o (__sf)
C:/ST/STM32CubeIDE_1.11.2/STM32CubeIDE/plugins/com.st.stm32cube.ide.mcu.externaltools.gnu-tools-for-stm32.11.3.rel1.win32_1.1.1.202309131626/tools/bin/../lib/gcc/arm-none-eabi/11.3.1/../../../../arm-none-eabi/lib/thumb/v7e-m+fp/hard\libc_nano.a(libc_a-fwalk.o)
                              C:/ST/STM32CubeIDE_1.11.2/STM32CubeIDE/plugins/com.st.stm32cube.ide.mcu.externaltools.gnu-tools-for-stm32.11.3.rel1.win32_1.1.1.202309131626/tools/bin/../lib/gcc/arm-none-eabi/11.3.1/../../../../arm-none-eabi/lib/thumb/v7e-m+fp/hard\libc_nano.a(libc_a-findfp.o) (_fwalk_sglue)
C:/ST/STM32CubeIDE_1.11.2/STM32CubeIDE/plugins/com.st.stm32cube.ide.mcu.externaltools.gnu-tools-for-stm32.11.3.rel1.win32_1.1.1.202309131626/tools/bin/../lib/gcc/arm-none-eabi/11.3.1/../../../../arm-none-eabi/lib/thumb/v7e-m+fp/hard\libc_nano.a(libc_a-stdio.o)
                              C:/ST/STM32CubeIDE_1.11.2/STM32CubeIDE/plugins/com.st.stm32cube.ide.mcu.externaltools.gnu-tools-for-stm32.11.3.rel1.win32_1.1.1.202309131626/tools/bin/../lib/gcc/arm-none-eabi/11.3.1/../../../../arm-none-eabi/lib/thumb/v7e-m+fp/hard\libc_nano.a(libc_a-findfp.o) (__sread)
C:/ST/STM32CubeIDE_1.11.2/STM32CubeIDE/plugins/com.st.stm32cube.ide.mcu.externaltools.gnu-tools-for-stm32.11.3.rel1.win32_1.1.1.202309131626/tools/bin/../lib/gcc/arm-none-eabi/11.3.1/../../../../arm-none-eabi/lib/thumb/v7e-m+fp/hard\libc_nano.a(libc_a-memset.o)
                              C:/ST/STM32CubeIDE_1.11.2/STM32CubeIDE/plugins/com.st.stm32cube.ide.mcu.externaltools.gnu-tools-for-stm32.11.3.rel1.win32_1.1.1.202309131626/tools/bin/../lib/gcc/arm-none-eabi/11.3.1/../../../../arm-none-eabi/lib/thumb/v7e-m+fp/hard/crt0.o (memset)
C:/ST/STM32CubeIDE_1.11.2/STM32CubeIDE/plugins/com.st.stm32cube.ide.mcu.externaltools.gnu-tools-for-stm32.11.3.rel1.win32_1.1.1.202309131626/tools/bin/../lib/gcc/arm-none-eabi/11.3.1/../../../../arm-none-eabi/lib/thumb/v7e-m+fp/hard\libc_nano.a(libc_a-localeconv.o)
                              C:/ST/STM32CubeIDE_1.11.2/STM32CubeIDE/plugins/com.st.stm32cube.ide.mcu.externaltools.gnu-tools-for-stm32.11.3.rel1.win32_1.1.1.202309131626/tools/bin/../lib/gcc/arm-none-eabi/11.3.1/../../../../arm-none-eabi/lib/thumb/v7e-m+fp/hard\libc_nano.a(libc_a-nano-vfprintf_float.o) (_localeconv_r)
C:/ST/STM32CubeIDE_1.11.2/STM32CubeIDE/plugins/com.st.stm32cube.ide.mcu.externaltools.gnu-tools-for-stm32.11.3.rel1.win32_1.1.1.202309131626/tools/bin/../lib/gcc/arm-none-eabi/11.3.1/../../../../arm-none-eabi/lib/thumb/v7e-m+fp/hard\libc_nano.a(libc_a-closer.o)
                              C:/ST/STM32CubeIDE_1.11.2/STM32CubeIDE/plugins/com.st.stm32cube.ide.mcu.externaltools.gnu-tools-for-stm32.11.3.rel1.win32_1.1.1.202309131626/tools/bin/../lib/gcc/arm-none-eabi/11.3.1/../../../../arm-none-eabi/lib/thumb/v7e-m+fp/hard\libc_nano.a(libc_a-stdio.o) (_close_r)
C:/ST/STM32CubeIDE_1.11.2/STM32CubeIDE/plugins/com.st.stm32cube.ide.mcu.externaltools.gnu-tools-for-stm32.11.3.rel1.win32_1.1.1.202309131626/tools/bin/../lib/gcc/arm-none-eabi/11.3.1/../../../../arm-none-eabi/lib/thumb/v7e-m+fp/hard\libc_nano.a(libc_a-reent.o)
[...]
Memory Configuration

Name             Origin             Length             Attributes
CCMRAM           0x0000000010000000 0x0000000000004000 xrw
RAM              0x0000000020000000 0x0000000000010000 xrw
FLASH            0x0000000008000000 0x0000000000080000 xr
*default*        0x0000000000000000 0xffffffffffffffff

Linker script and memory map

LOAD C:/ST/STM32CubeIDE_1.11.2/STM32CubeIDE/plugins/com.st.stm32cube.ide.mcu.externaltools.gnu-tools-for-stm32.11.3.rel1.win32_1.1.1.202309131626/tools/bin/../lib/gcc/arm-none-eabi/11.3.1/thumb/v7e-m+fp/hard/crti.o
LOAD C:/ST/STM32CubeIDE_1.11.2/STM32CubeIDE/plugins/com.st.stm32cube.ide.mcu.externaltools.gnu-tools-for-stm32.11.3.rel1.win32_1.1.1.202309131626/tools/bin/../lib/gcc/arm-none-eabi/11.3.1/thumb/v7e-m+fp/hard/crtbegin.o
LOAD C:/ST/STM32CubeIDE_1.11.2/STM32CubeIDE/plugins/com.st.stm32cube.ide.mcu.externaltools.gnu-tools-for-stm32.11.3.rel1.win32_1.1.1.202309131626/tools/bin/../lib/gcc/arm-none-eabi/11.3.1/../../../../arm-none-eabi/lib/thumb/v7e-m+fp/hard/crt0.o
LOAD ./Core/Src/freertos.o
LOAD ./Core/Src/main.o
LOAD ./Core/Src/stm32f3xx_hal_msp.o
LOAD ./Core/Src/stm32f3xx_hal_timebase_tim.o
LOAD ./Core/Src/stm32f3xx_it.o
LOAD ./Core/Src/syscalls.o
LOAD ./Core/Src/sysmem.o
LOAD ./Core/Src/system_stm32f3xx.o
LOAD ./Core/Startup/startup_stm32f303retx.o
LOAD ./Drivers/STM32F3xx_HAL_Driver/Src/stm32f3xx_hal.o
LOAD ./Drivers/STM32F3xx_HAL_Driver/Src/stm32f3xx_hal_adc.o
LOAD ./Drivers/STM32F3xx_HAL_Driver/Src/stm32f3xx_hal_adc_ex.o
LOAD ./Drivers/STM32F3xx_HAL_Driver/Src/stm32f3xx_hal_cortex.o
LOAD ./Drivers/STM32F3xx_HAL_Driver/Src/stm32f3xx_hal_crc.o
LOAD ./Drivers/STM32F3xx_HAL_Driver/Src/stm32f3xx_hal_crc_ex.o
LOAD ./Drivers/STM32F3xx_HAL_Driver/Src/stm32f3xx_hal_dma.o
LOAD ./Drivers/STM32F3xx_HAL_Driver/Src/stm32f3xx_hal_exti.o
LOAD ./Drivers/STM32F3xx_HAL_Driver/Src/stm32f3xx_hal_flash.o
LOAD ./Drivers/STM32F3xx_HAL_Driver/Src/stm32f3xx_hal_flash_ex.o
LOAD ./Drivers/STM32F3xx_HAL_Driver/Src/stm32f3xx_hal_gpio.o
LOAD ./Drivers/STM32F3xx_HAL_Driver/Src/stm32f3xx_hal_i2c.o
LOAD ./Drivers/STM32F3xx_HAL_Driver/Src/stm32f3xx_hal_i2c_ex.o
LOAD ./Drivers/STM32F3xx_HAL_Driver/Src/stm32f3xx_hal_pwr.o
LOAD ./Drivers/STM32F3xx_HAL_Driver/Src/stm32f3xx_hal_pwr_ex.o
LOAD ./Drivers/STM32F3xx_HAL_Driver/Src/stm32f3xx_hal_rcc.o
LOAD ./Drivers/STM32F3xx_HAL_Driver/Src/stm32f3xx_hal_rcc_ex.o
LOAD ./Drivers/STM32F3xx_HAL_Driver/Src/stm32f3xx_hal_spi.o
LOAD ./Drivers/STM32F3xx_HAL_Driver/Src/stm32f3xx_hal_spi_ex.o
LOAD ./Drivers/STM32F3xx_HAL_Driver/Src/stm32f3xx_hal_tim.o
LOAD ./Drivers/STM32F3xx_HAL_Driver/Src/stm32f3xx_hal_tim_ex.o
LOAD ./Drivers/STM32F3xx_HAL_Driver/Src/stm32f3xx_hal_uart.o
LOAD ./Drivers/STM32F3xx_HAL_Driver/Src/stm32f3xx_hal_uart_ex.o
LOAD ./Middlewares/Third_Party/FreeRTOS/Source/CMSIS_RTOS/cmsis_os.o
LOAD ./Middlewares/Third_Party/FreeRTOS/Source/croutine.o
LOAD ./Middlewares/Third_Party/FreeRTOS/Source/event_groups.o
LOAD ./Middlewares/Third_Party/FreeRTOS/Source/list.o
LOAD ./Middlewares/Third_Party/FreeRTOS/Source/queue.o
LOAD ./Middlewares/Third_Party/FreeRTOS/Source/stream_buffer.o
LOAD ./Middlewares/Third_Party/FreeRTOS/Source/tasks.o
LOAD ./Middlewares/Third_Party/FreeRTOS/Source/timers.o
LOAD ./Middlewares/Third_Party/FreeRTOS/Source/portable/GCC/ARM_CM4F/port.o
LOAD ./Middlewares/Third_Party/FreeRTOS/Source/portable/MemMang/heap_4.o
START GROUP
LOAD C:/ST/STM32CubeIDE_1.11.2/STM32CubeIDE/plugins/com.st.stm32cube.ide.mcu.externaltools.gnu-tools-for-stm32.11.3.rel1.win32_1.1.1.202309131626/tools/bin/../lib/gcc/arm-none-eabi/11.3.1/../../../../arm-none-eabi/lib/thumb/v7e-m+fp/hard\libc_nano.a
LOAD C:/ST/STM32CubeIDE_1.11.2/STM32CubeIDE/plugins/com.st.stm32cube.ide.mcu.externaltools.gnu-tools-for-stm32.11.3.rel1.win32_1.1.1.202309131626/tools/bin/../lib/gcc/arm-none-eabi/11.3.1/../../../../arm-none-eabi/lib/thumb/v7e-m+fp/hard\libm.a
END GROUP
START GROUP
LOAD C:/ST/STM32CubeIDE_1.11.2/STM32CubeIDE/plugins/com.st.stm32cube.ide.mcu.externaltools.gnu-tools-for-stm32.11.3.rel1.win32_1.1.1.202309131626/tools/bin/../lib/gcc/arm-none-eabi/11.3.1/thumb/v7e-m+fp/hard\libgcc.a
LOAD C:/ST/STM32CubeIDE_1.11.2/STM32CubeIDE/plugins/com.st.stm32cube.ide.mcu.externaltools.gnu-tools-for-stm32.11.3.rel1.win32_1.1.1.202309131626/tools/bin/../lib/gcc/arm-none-eabi/11.3.1/../../../../arm-none-eabi/lib/thumb/v7e-m+fp/hard\libc_nano.a
END GROUP
START GROUP
LOAD C:/ST/STM32CubeIDE_1.11.2/STM32CubeIDE/plugins/com.st.stm32cube.ide.mcu.externaltools.gnu-tools-for-stm32.11.3.rel1.win32_1.1.1.202309131626/tools/bin/../lib/gcc/arm-none-eabi/11.3.1/thumb/v7e-m+fp/hard\libgcc.a
LOAD C:/ST/STM32CubeIDE_1.11.2/STM32CubeIDE/plugins/com.st.stm32cube.ide.mcu.externaltools.gnu-tools-for-stm32.11.3.rel1.win32_1.1.1.202309131626/tools/bin/../lib/gcc/arm-none-eabi/11.3.1/../../../../arm-none-eabi/lib/thumb/v7e-m+fp/hard\libc_nano.a
LOAD C:/ST/STM32CubeIDE_1.11.2/STM32CubeIDE/plugins/com.st.stm32cube.ide.mcu.externaltools.gnu-tools-for-stm32.11.3.rel1.win32_1.1.1.202309131626/tools/bin/../lib/gcc/arm-none-eabi/11.3.1/../../../../arm-none-eabi/lib/thumb/v7e-m+fp/hard\libnosys.a
END GROUP
START GROUP
LOAD C:/ST/STM32CubeIDE_1.11.2/STM32CubeIDE/plugins/com.st.stm32cube.ide.mcu.externaltools.gnu-tools-for-stm32.11.3.rel1.win32_1.1.1.202309131626/tools/bin/../lib/gcc/arm-none-eabi/11.3.1/thumb/v7e-m+fp/hard\libgcc.a
LOAD C:/ST/STM32CubeIDE_1.11.2/STM32CubeIDE/plugins/com.st.stm32cube.ide.mcu.externaltools.gnu-tools-for-stm32.11.3.rel1.win32_1.1.1.202309131626/tools/bin/../lib/gcc/arm-none-eabi/11.3.1/../../../../arm-none-eabi/lib/thumb/v7e-m+fp/hard\libc_nano.a
LOAD C:/ST/STM32CubeIDE_1.11.2/STM32CubeIDE/plugins/com.st.stm32cube.ide.mcu.externaltools.gnu-tools-for-stm32.11.3.rel1.win32_1.1.1.202309131626/tools/bin/../lib/gcc/arm-none-eabi/11.3.1/../../../../arm-none-eabi/lib/thumb/v7e-m+fp/hard\libnosys.a
END GROUP
LOAD C:/ST/STM32CubeIDE_1.11.2/STM32CubeIDE/plugins/com.st.stm32cube.ide.mcu.externaltools.gnu-tools-for-stm32.11.3.rel1.win32_1.1.1.202309131626/tools/bin/../lib/gcc/arm-none-eabi/11.3.1/thumb/v7e-m+fp/hard/crtend.o
LOAD C:/ST/STM32CubeIDE_1.11.2/STM32CubeIDE/plugins/com.st.stm32cube.ide.mcu.externaltools.gnu-tools-for-stm32.11.3.rel1.win32_1.1.1.202309131626/tools/bin/../lib/gcc/arm-none-eabi/11.3.1/thumb/v7e-m+fp/hard/crtn.o
                0x0000000020010000                _estack = (ORIGIN (RAM) + LENGTH (RAM))
                0x0000000000000200                _Min_Heap_Size = 0x200
                0x0000000000000400                _Min_Stack_Size = 0x400

.isr_vector     0x0000000008000000      0x194
                0x0000000008000000                . = ALIGN (0x4)
 *(.isr_vector)
 .isr_vector    0x0000000008000000      0x194 ./Core/Startup/startup_stm32f303retx.o
                0x0000000008000000                g_pfnVectors
                0x0000000008000194                . = ALIGN (0x4)

.text           0x00000000080001a0    0x10bec
                0x00000000080001a0                . = ALIGN (0x4)
 *(.text)
 .text          0x00000000080001a0       0x40 C:/ST/STM32CubeIDE_1.11.2/STM32CubeIDE/plugins/com.st.stm32cube.ide.mcu.externaltools.gnu-tools-for-stm32.11.3.rel1.win32_1.1.1.202309131626/tools/bin/../lib/gcc/arm-none-eabi/11.3.1/thumb/v7e-m+fp/hard/crtbegin.o
 .text          0x00000000080001e0       0xa0 C:/ST/STM32CubeIDE_1.11.2/STM32CubeIDE/plugins/com.st.stm32cube.ide.mcu.externaltools.gnu-tools-for-stm32.11.3.rel1.win32_1.1.1.202309131626/tools/bin/../lib/gcc/arm-none-eabi/11.3.1/../../../../arm-none-eabi/lib/thumb/v7e-m+fp/hard\libc_nano.a(libc_a-memchr.o)
                0x00000000080001e0                memchr
 .text          0x0000000008000280       0x10 C:/ST/STM32CubeIDE_1.11.2/STM32CubeIDE/plugins/com.st.stm32cube.ide.mcu.externaltools.gnu-tools-for-stm32.11.3.rel1.win32_1.1.1.202309131626/tools/bin/../lib/gcc/arm-none-eabi/11.3.1/../../../../arm-none-eabi/lib/thumb/v7e-m+fp/hard\libc_nano.a(libc_a-strlen.o)
                0x0000000008000280                strlen
 .text          0x0000000008000290      0x378 C:/ST/STM32CubeIDE_1.11.2/STM32CubeIDE/plugins/com.st.stm32cube.ide.mcu.externaltools.gnu-tools-for-stm32.11.3.rel1.win32_1.1.1.202309131626/tools/bin/../lib/gcc/arm-none-eabi/11.3.1/thumb/v7e-m+fp/hard\libgcc.a(_arm_addsubdf3.o)
                0x0000000008000290                __aeabi_drsub
                0x0000000008000298                __aeabi_dsub
                0x0000000008000298                __subdf3
                0x000000000800029c                __aeabi_dadd
                0x000000000800029c                __adddf3
                0x0000000008000514                __floatunsidf
                0x0000000008000514                __aeabi_ui2d
                0x0000000008000534                __floatsidf
                0x0000000008000534                __aeabi_i2d
                0x0000000008000558                __aeabi_f2d
                0x0000000008000558                __extendsfdf2
                0x000000000800059c                __floatundidf
                0x000000000800059c                __aeabi_ul2d
                0x00000000080005ac                __floatdidf
                0x00000000080005ac                __aeabi_l2d
 .text          0x0000000008000608      0x424 C:/ST/STM32CubeIDE_1.11.2/STM32CubeIDE/plugins/com.st.stm32cube.ide.mcu.externaltools.gnu-tools-for-stm32.11.3.rel1.win32_1.1.1.202309131626/tools/bin/../lib/gcc/arm-none-eabi/11.3.1/thumb/v7e-m+fp/hard\libgcc.a(_arm_muldivdf3.o)
                0x0000000008000608                __aeabi_dmul
                0x0000000008000608                __muldf3
                0x000000000800085c                __divdf3
                0x000000000800085c                __aeabi_ddiv
 .text          0x0000000008000a2c      0x110 C:/ST/STM32CubeIDE_1.11.2/STM32CubeIDE/plugins/com.st.stm32cube.ide.mcu.externaltools.gnu-tools-for-stm32.11.3.rel1.win32_1.1.1.202309131626/tools/bin/../lib/gcc/arm-none-eabi/11.3.1/thumb/v7e-m+fp/hard\libgcc.a(_arm_cmpdf2.o)
                0x0000000008000a2c                __gtdf2
                0x0000000008000a2c                __gedf2
                0x0000000008000a34                __ltdf2
                0x0000000008000a34                __ledf2
                0x0000000008000a3c                __nedf2
                0x0000000008000a3c                __eqdf2
                0x0000000008000a3c                __cmpdf2
                0x0000000008000ab8                __aeabi_cdrcmple
                0x0000000008000ac8                __aeabi_cdcmpeq
                0x0000000008000ac8                __aeabi_cdcmple
                0x0000000008000ad8                __aeabi_dcmpeq
                0x0000000008000aec                __aeabi_dcmplt
                0x0000000008000b00                __aeabi_dcmple
                0x0000000008000b14                __aeabi_dcmpge
                0x0000000008000b28                __aeabi_dcmpgt
 .text          0x0000000008000b3c       0x2c C:/ST/STM32CubeIDE_1.11.2/STM32CubeIDE/plugins/com.st.stm32cube.ide.mcu.externaltools.gnu-tools-for-stm32.11.3.rel1.win32_1.1.1.202309131626/tools/bin/../lib/gcc/arm-none-eabi/11.3.1/thumb/v7e-m+fp/hard\libgcc.a(_arm_unorddf2.o)
                0x0000000008000b3c                __unorddf2
                0x0000000008000b3c                __aeabi_dcmpun
 .text          0x0000000008000b68       0x50 C:/ST/STM32CubeIDE_1.11.2/STM32CubeIDE/plugins/com.st.stm32cube.ide.mcu.externaltools.gnu-tools-for-stm32.11.3.rel1.win32_1.1.1.202309131626/tools/bin/../lib/gcc/arm-none-eabi/11.3.1/thumb/v7e-m+fp/hard\libgcc.a(_arm_fixdfsi.o)
                0x0000000008000b68                __aeabi_d2iz
                0x0000000008000b68                __fixdfsi
 .text          0x0000000008000bb8       0xa0 C:/ST/STM32CubeIDE_1.11.2/STM32CubeIDE/plugins/com.st.stm32cube.ide.mcu.externaltools.gnu-tools-for-stm32.11.3.rel1.win32_1.1.1.202309131626/tools/bin/../lib/gcc/arm-none-eabi/11.3.1/thumb/v7e-m+fp/hard\libgcc.a(_arm_truncdfsf2.o)
                0x0000000008000bb8                __truncdfsf2
                0x0000000008000bb8                __aeabi_d2f
 *(.text*)
 .text.vApplicationGetIdleTaskMemory
                0x0000000008000c58       0x34 ./Core/Src/freertos.o
                0x0000000008000c58                vApplicationGetIdleTaskMemory
 .text.HAL_UART_RxCpltCallback
                0x0000000008000c8c       0x20 ./Core/Src/main.o
                0x0000000008000c8c                HAL_UART_RxCpltCallback
 *fill*         0x0000000008000cac        0x4 
 .text.HAL_GPIO_EXTI_Callback
                0x0000000008000cb0      0x264 ./Core/Src/main.o
                0x0000000008000cb0                HAL_GPIO_EXTI_Callback
 .text.HAL_ADC_ConvCpltCallback
                0x0000000008000f14       0x30 ./Core/Src/main.o
                0x0000000008000f14                HAL_ADC_ConvCpltCallback
 .text.main     0x0000000008000f44      0x38c ./Core/Src/main.o
                0x0000000008000f44                main
 .text.SystemClock_Config
                0x00000000080012d0       0xe0 ./Core/Src/main.o
                0x00000000080012d0                SystemClock_Config
 .text.MX_NVIC_Init
                0x00000000080013b0       0x18 ./Core/Src/main.o
 .text.MX_ADC1_Init
                0x00000000080013c8       0xe0 ./Core/Src/main.o
 .text.MX_CRC_Init
                0x00000000080014a8       0x44 ./Core/Src/main.o
 .text.MX_I2C1_Init
                0x00000000080014ec       0x80 ./Core/Src/main.o
 .text.MX_SPI1_Init
                0x000000000800156c       0x7c ./Core/Src/main.o
 .text.MX_TIM1_Init
                0x00000000080015e8      0x158 ./Core/Src/main.o
 .text.MX_TIM2_Init
                0x0000000008001740       0x9c ./Core/Src/main.o
 .text.MX_TIM8_Init
                0x00000000080017dc      0x158 ./Core/Src/main.o
 .text.MX_TIM15_Init
                0x0000000008001934      0x148 ./Core/Src/main.o
 .text.MX_TIM17_Init
                0x0000000008001a7c       0xf4 ./Core/Src/main.o
 .text.MX_USART3_UART_Init
                0x0000000008001b70       0x60 ./Core/Src/main.o
 .text.MX_DMA_Init
                0x0000000008001bd0       0x4c ./Core/Src/main.o
 .text.MX_GPIO_Init
                0x0000000008001c1c      0x104 ./Core/Src/main.o
 .text.StartDefaultTask
                0x0000000008001d20       0x34 ./Core/Src/main.o
                0x0000000008001d20                StartDefaultTask
 .text.StartTxTask
                0x0000000008001d54      0x128 ./Core/Src/main.o
                0x0000000008001d54                StartTxTask
 .text.StartRxTask
                0x0000000008001e7c      0x1a8 ./Core/Src/main.o
                0x0000000008001e7c                StartRxTask
 *fill*         0x0000000008002024        0x4 
 .text.StartCinematicConv
                0x0000000008002028      0x324 ./Core/Src/main.o
                0x0000000008002028                StartCinematicConv
 *fill*         0x000000000800234c        0x4 
 .text.StartControlVel
                0x0000000008002350      0x3f4 ./Core/Src/main.o
                0x0000000008002350                StartControlVel
 .text.StartMeasureAccel
                0x0000000008002744      0x104 ./Core/Src/main.o
                0x0000000008002744                StartMeasureAccel
 .text.StartMeasureVel
                0x0000000008002848      0x11c ./Core/Src/main.o
                0x0000000008002848                StartMeasureVel
 .text.HAL_TIM_PeriodElapsedCallback
                0x0000000008002964       0x24 ./Core/Src/main.o
                0x0000000008002964                HAL_TIM_PeriodElapsedCallback
 .text.Error_Handler
                0x0000000008002988        0xa ./Core/Src/main.o
                0x0000000008002988                Error_Handler
 *fill*         0x0000000008002992        0x2 
 .text.HAL_MspInit
                0x0000000008002994       0x50 ./Core/Src/stm32f3xx_hal_msp.o
                0x0000000008002994                HAL_MspInit
 .text.HAL_ADC_MspInit
                0x00000000080029e4       0x88 ./Core/Src/stm32f3xx_hal_msp.o
                0x00000000080029e4                HAL_ADC_MspInit
 .text.HAL_CRC_MspInit
                0x0000000008002a6c       0x40 ./Core/Src/stm32f3xx_hal_msp.o
                0x0000000008002a6c                HAL_CRC_MspInit
 .text.HAL_I2C_MspInit
                0x0000000008002aac       0xa8 ./Core/Src/stm32f3xx_hal_msp.o
                0x0000000008002aac                HAL_I2C_MspInit
 .text.HAL_SPI_MspInit
                0x0000000008002b54       0xc0 ./Core/Src/stm32f3xx_hal_msp.o
                0x0000000008002b54                HAL_SPI_MspInit
 .text.HAL_TIM_Base_MspInit
                0x0000000008002c14       0xdc ./Core/Src/stm32f3xx_hal_msp.o
                0x0000000008002c14                HAL_TIM_Base_MspInit
 .text.HAL_TIM_MspPostInit
                0x0000000008002cf0      0x220 ./Core/Src/stm32f3xx_hal_msp.o
                0x0000000008002cf0                HAL_TIM_MspPostInit
 .text.HAL_UART_MspInit
                0x0000000008002f10      0x130 ./Core/Src/stm32f3xx_hal_msp.o
                0x0000000008002f10                HAL_UART_MspInit
 .text.HAL_InitTick
                0x0000000008003040       0xf4 ./Core/Src/stm32f3xx_hal_timebase_tim.o
                0x0000000008003040                HAL_InitTick
 .text.NMI_Handler
                0x0000000008003134        0x6 ./Core/Src/stm32f3xx_it.o
                0x0000000008003134                NMI_Handler
 .text.HardFault_Handler
                0x000000000800313a        0x6 ./Core/Src/stm32f3xx_it.o
                0x000000000800313a                HardFault_Handler
 .text.MemManage_Handler
                0x0000000008003140        0x6 ./Core/Src/stm32f3xx_it.o
                0x0000000008003140                MemManage_Handler
 .text.BusFault_Handler
                0x0000000008003146        0x6 ./Core/Src/stm32f3xx_it.o
                0x0000000008003146                BusFault_Handler
 .text.UsageFault_Handler
                0x000000000800314c        0x6 ./Core/Src/stm32f3xx_it.o
                0x000000000800314c                UsageFault_Handler
 .text.DebugMon_Handler
                0x0000000008003152        0xe ./Core/Src/stm32f3xx_it.o
                0x0000000008003152                DebugMon_Handler
 .text.DMA1_Channel2_IRQHandler
                0x0000000008003160       0x14 ./Core/Src/stm32f3xx_it.o
                0x0000000008003160                DMA1_Channel2_IRQHandler
 .text.DMA1_Channel3_IRQHandler
                0x0000000008003174       0x14 ./Core/Src/stm32f3xx_it.o
                0x0000000008003174                DMA1_Channel3_IRQHandler
 .text.ADC1_2_IRQHandler
                0x0000000008003188       0x14 ./Core/Src/stm32f3xx_it.o
                0x0000000008003188                ADC1_2_IRQHandler
 .text.EXTI9_5_IRQHandler
                0x000000000800319c       0x24 ./Core/Src/stm32f3xx_it.o
                0x000000000800319c                EXTI9_5_IRQHandler
 .text.TIM3_IRQHandler
                0x00000000080031c0       0x14 ./Core/Src/stm32f3xx_it.o
                0x00000000080031c0                TIM3_IRQHandler
 .text.I2C1_EV_IRQHandler
                0x00000000080031d4       0x14 ./Core/Src/stm32f3xx_it.o
                0x00000000080031d4                I2C1_EV_IRQHandler
 .text.I2C1_ER_IRQHandler
                0x00000000080031e8       0x14 ./Core/Src/stm32f3xx_it.o
                0x00000000080031e8                I2C1_ER_IRQHandler
 .text.USART3_IRQHandler
                0x00000000080031fc       0x14 ./Core/Src/stm32f3xx_it.o
                0x00000000080031fc                USART3_IRQHandler
 .text.EXTI15_10_IRQHandler
                0x0000000008003210       0x10 ./Core/Src/stm32f3xx_it.o
                0x0000000008003210                EXTI15_10_IRQHandler
 .text._getpid  0x0000000008003220       0x10 ./Core/Src/syscalls.o
                0x0000000008003220                _getpid
 .text._kill    0x0000000008003230       0x20 ./Core/Src/syscalls.o
                0x0000000008003230                _kill
 .text._exit    0x0000000008003250       0x14 ./Core/Src/syscalls.o
                0x0000000008003250                _exit
 .text._read    0x0000000008003264       0x3a ./Core/Src/syscalls.o
                0x0000000008003264                _read
 .text._write   0x000000000800329e       0x38 ./Core/Src/syscalls.o
                0x000000000800329e                _write
 .text._close   0x00000000080032d6       0x18 ./Core/Src/syscalls.o
                0x00000000080032d6                _close
 .text._fstat   0x00000000080032ee       0x20 ./Core/Src/syscalls.o
                0x00000000080032ee                _fstat
 .text._isatty  0x000000000800330e       0x16 ./Core/Src/syscalls.o
                0x000000000800330e                _isatty
 .text._lseek   0x0000000008003324       0x1a ./Core/Src/syscalls.o
                0x0000000008003324                _lseek
 *fill*         0x000000000800333e        0x2 
 .text._sbrk    0x0000000008003340       0x6c ./Core/Src/sysmem.o
                0x0000000008003340                _sbrk
 .text.SystemInit
                0x00000000080033ac       0x24 ./Core/Src/system_stm32f3xx.o
                0x00000000080033ac                SystemInit
 .text.Reset_Handler
                0x00000000080033d0       0x50 ./Core/Startup/startup_stm32f303retx.o
                0x00000000080033d0                Reset_Handler
 .text.Default_Handler
                0x0000000008003420        0x2 ./Core/Startup/startup_stm32f303retx.o
                0x0000000008003420                RTC_Alarm_IRQHandler
                0x0000000008003420                TIM8_TRG_COM_IRQHandler
                0x0000000008003420                TIM8_CC_IRQHandler
                0x0000000008003420                SPI4_IRQHandler
                0x0000000008003420                TIM1_CC_IRQHandler
                0x0000000008003420                USB_HP_IRQHandler
                0x0000000008003420                PVD_IRQHandler
                0x0000000008003420                TAMP_STAMP_IRQHandler
                0x0000000008003420                EXTI3_IRQHandler
                0x0000000008003420                I2C3_ER_IRQHandler
                0x0000000008003420                USB_HP_CAN_TX_IRQHandler
                0x0000000008003420                EXTI0_IRQHandler
                0x0000000008003420                I2C2_EV_IRQHandler
                0x0000000008003420                FPU_IRQHandler
                0x0000000008003420                TIM1_UP_TIM16_IRQHandler
                0x0000000008003420                SPI1_IRQHandler
                0x0000000008003420                CAN_SCE_IRQHandler
                0x0000000008003420                TIM6_DAC_IRQHandler
                0x0000000008003420                TIM8_UP_IRQHandler
                0x0000000008003420                DMA2_Channel2_IRQHandler
                0x0000000008003420                DMA1_Channel4_IRQHandler
                0x0000000008003420                TIM20_TRG_COM_IRQHandler
                0x0000000008003420                DMA1_Channel7_IRQHandler
                0x0000000008003420                UART5_IRQHandler
                0x0000000008003420                ADC3_IRQHandler
                0x0000000008003420                TIM4_IRQHandler
                0x0000000008003420                CAN_RX1_IRQHandler
                0x0000000008003420                DMA2_Channel1_IRQHandler
                0x0000000008003420                DMA1_Channel6_IRQHandler
                0x0000000008003420                UART4_IRQHandler
                0x0000000008003420                DMA2_Channel4_IRQHandler
                0x0000000008003420                RCC_IRQHandler
                0x0000000008003420                TIM20_UP_IRQHandler
                0x0000000008003420                DMA1_Channel1_IRQHandler
                0x0000000008003420                Default_Handler
                0x0000000008003420                USBWakeUp_RMP_IRQHandler
                0x0000000008003420                TIM7_IRQHandler
                0x0000000008003420                I2C3_EV_IRQHandler
                0x0000000008003420                RTC_WKUP_IRQHandler
                0x0000000008003420                SPI2_IRQHandler
                0x0000000008003420                USB_LP_CAN_RX0_IRQHandler
                0x0000000008003420                DMA2_Channel5_IRQHandler
                0x0000000008003420                DMA1_Channel5_IRQHandler
                0x0000000008003420                USB_LP_IRQHandler
                0x0000000008003420                EXTI4_IRQHandler
                0x0000000008003420                TIM1_TRG_COM_TIM17_IRQHandler
                0x0000000008003420                ADC4_IRQHandler
                0x0000000008003420                WWDG_IRQHandler
                0x0000000008003420                TIM2_IRQHandler
                0x0000000008003420                COMP7_IRQHandler
                0x0000000008003420                COMP1_2_3_IRQHandler
                0x0000000008003420                EXTI1_IRQHandler
                0x0000000008003420                USART2_IRQHandler
                0x0000000008003420                COMP4_5_6_IRQHandler
                0x0000000008003420                TIM20_BRK_IRQHandler
                0x0000000008003420                I2C2_ER_IRQHandler
                0x0000000008003420                TIM8_BRK_IRQHandler
                0x0000000008003420                FLASH_IRQHandler
                0x0000000008003420                TIM20_CC_IRQHandler
                0x0000000008003420                USART1_IRQHandler
                0x0000000008003420                SPI3_IRQHandler
                0x0000000008003420                FMC_IRQHandler
                0x0000000008003420                USBWakeUp_IRQHandler
                0x0000000008003420                DMA2_Channel3_IRQHandler
                0x0000000008003420                EXTI2_TSC_IRQHandler
                0x0000000008003420                TIM1_BRK_TIM15_IRQHandler
 *fill*         0x0000000008003422        0x2 
 .text.HAL_Init
                0x0000000008003424       0x2c ./Drivers/STM32F3xx_HAL_Driver/Src/stm32f3xx_hal.o
                0x0000000008003424                HAL_Init
 .text.HAL_IncTick
                0x0000000008003450       0x28 ./Drivers/STM32F3xx_HAL_Driver/Src/stm32f3xx_hal.o
                0x0000000008003450                HAL_IncTick
 .text.HAL_GetTick
                0x0000000008003478       0x18 ./Drivers/STM32F3xx_HAL_Driver/Src/stm32f3xx_hal.o
                0x0000000008003478                HAL_GetTick
 .text.HAL_ADC_LevelOutOfWindowCallback
                0x0000000008003490       0x14 ./Drivers/STM32F3xx_HAL_Driver/Src/stm32f3xx_hal_adc.o
                0x0000000008003490                HAL_ADC_LevelOutOfWindowCallback
 .text.HAL_ADC_ErrorCallback
                0x00000000080034a4       0x14 ./Drivers/STM32F3xx_HAL_Driver/Src/stm32f3xx_hal_adc.o
                0x00000000080034a4                HAL_ADC_ErrorCallback
 .text.HAL_ADC_Init
                0x00000000080034b8      0x3f4 ./Drivers/STM32F3xx_HAL_Driver/Src/stm32f3xx_hal_adc_ex.o
                0x00000000080034b8                HAL_ADC_Init
 .text.HAL_ADC_Start_IT
                0x00000000080038ac      0x280 ./Drivers/STM32F3xx_HAL_Driver/Src/stm32f3xx_hal_adc_ex.o
                0x00000000080038ac                HAL_ADC_Start_IT
 .text.HAL_ADC_GetValue
                0x0000000008003b2c       0x1a ./Drivers/STM32F3xx_HAL_Driver/Src/stm32f3xx_hal_adc_ex.o
                0x0000000008003b2c                HAL_ADC_GetValue
 *fill*         0x0000000008003b46        0x2 
 .text.HAL_ADC_IRQHandler
                0x0000000008003b48      0x5cc ./Drivers/STM32F3xx_HAL_Driver/Src/stm32f3xx_hal_adc_ex.o
                0x0000000008003b48                HAL_ADC_IRQHandler
 .text.HAL_ADCEx_InjectedConvCpltCallback
                0x0000000008004114       0x14 ./Drivers/STM32F3xx_HAL_Driver/Src/stm32f3xx_hal_adc_ex.o
                0x0000000008004114                HAL_ADCEx_InjectedConvCpltCallback
 .text.HAL_ADCEx_InjectedQueueOverflowCallback
                0x0000000008004128       0x14 ./Drivers/STM32F3xx_HAL_Driver/Src/stm32f3xx_hal_adc_ex.o
                0x0000000008004128                HAL_ADCEx_InjectedQueueOverflowCallback
 .text.HAL_ADCEx_LevelOutOfWindow2Callback
                0x000000000800413c       0x14 ./Drivers/STM32F3xx_HAL_Driver/Src/stm32f3xx_hal_adc_ex.o
                0x000000000800413c                HAL_ADCEx_LevelOutOfWindow2Callback
 .text.HAL_ADCEx_LevelOutOfWindow3Callback
                0x0000000008004150       0x14 ./Drivers/STM32F3xx_HAL_Driver/Src/stm32f3xx_hal_adc_ex.o
                0x0000000008004150                HAL_ADCEx_LevelOutOfWindow3Callback
 .text.HAL_ADC_ConfigChannel
                0x0000000008004164      0x5d4 ./Drivers/STM32F3xx_HAL_Driver/Src/stm32f3xx_hal_adc_ex.o
                0x0000000008004164                HAL_ADC_ConfigChannel
 .text.HAL_ADCEx_MultiModeConfigChannel
                0x0000000008004738      0x1e4 ./Drivers/STM32F3xx_HAL_Driver/Src/stm32f3xx_hal_adc_ex.o
                0x0000000008004738                HAL_ADCEx_MultiModeConfigChannel
 .text.ADC_Enable
                0x000000000800491c       0xc8 ./Drivers/STM32F3xx_HAL_Driver/Src/stm32f3xx_hal_adc_ex.o
 .text.ADC_Disable
                0x00000000080049e4       0xcc ./Drivers/STM32F3xx_HAL_Driver/Src/stm32f3xx_hal_adc_ex.o
 .text.__NVIC_SetPriorityGrouping
                0x0000000008004ab0       0x48 ./Drivers/STM32F3xx_HAL_Driver/Src/stm32f3xx_hal_cortex.o
 .text.__NVIC_GetPriorityGrouping
                0x0000000008004af8       0x1c ./Drivers/STM32F3xx_HAL_Driver/Src/stm32f3xx_hal_cortex.o
 .text.__NVIC_EnableIRQ
                0x0000000008004b14       0x3c ./Drivers/STM32F3xx_HAL_Driver/Src/stm32f3xx_hal_cortex.o
 .text.__NVIC_SetPriority
                0x0000000008004b50       0x54 ./Drivers/STM32F3xx_HAL_Driver/Src/stm32f3xx_hal_cortex.o
 .text.NVIC_EncodePriority
                0x0000000008004ba4       0x66 ./Drivers/STM32F3xx_HAL_Driver/Src/stm32f3xx_hal_cortex.o
 .text.HAL_NVIC_SetPriorityGrouping
                0x0000000008004c0a       0x16 ./Drivers/STM32F3xx_HAL_Driver/Src/stm32f3xx_hal_cortex.o
                0x0000000008004c0a                HAL_NVIC_SetPriorityGrouping
 .text.HAL_NVIC_SetPriority
                0x0000000008004c20       0x38 ./Drivers/STM32F3xx_HAL_Driver/Src/stm32f3xx_hal_cortex.o
                0x0000000008004c20                HAL_NVIC_SetPriority
 .text.HAL_NVIC_EnableIRQ
                0x0000000008004c58       0x1c ./Drivers/STM32F3xx_HAL_Driver/Src/stm32f3xx_hal_cortex.o
                0x0000000008004c58                HAL_NVIC_EnableIRQ
 .text.HAL_CRC_Init
                0x0000000008004c74       0xc8 ./Drivers/STM32F3xx_HAL_Driver/Src/stm32f3xx_hal_crc.o
                0x0000000008004c74                HAL_CRC_Init
 .text.HAL_CRC_Accumulate
                0x0000000008004d3c       0x88 ./Drivers/STM32F3xx_HAL_Driver/Src/stm32f3xx_hal_crc.o
                0x0000000008004d3c                HAL_CRC_Accumulate
 .text.CRC_Handle_8
                0x0000000008004dc4      0x11c ./Drivers/STM32F3xx_HAL_Driver/Src/stm32f3xx_hal_crc.o
 .text.CRC_Handle_16
                0x0000000008004ee0       0x74 ./Drivers/STM32F3xx_HAL_Driver/Src/stm32f3xx_hal_crc.o
 .text.HAL_CRCEx_Polynomial_Set
                0x0000000008004f54      0x11c ./Drivers/STM32F3xx_HAL_Driver/Src/stm32f3xx_hal_crc_ex.o
                0x0000000008004f54                HAL_CRCEx_Polynomial_Set
 .text.HAL_DMA_Init
                0x0000000008005070       0x8e ./Drivers/STM32F3xx_HAL_Driver/Src/stm32f3xx_hal_dma.o
                0x0000000008005070                HAL_DMA_Init
 .text.HAL_DMA_Start_IT
                0x00000000080050fe       0xbe ./Drivers/STM32F3xx_HAL_Driver/Src/stm32f3xx_hal_dma.o
                0x00000000080050fe                HAL_DMA_Start_IT
 .text.HAL_DMA_Abort
                0x00000000080051bc       0x72 ./Drivers/STM32F3xx_HAL_Driver/Src/stm32f3xx_hal_dma.o
                0x00000000080051bc                HAL_DMA_Abort
 .text.HAL_DMA_Abort_IT
                0x000000000800522e       0x7c ./Drivers/STM32F3xx_HAL_Driver/Src/stm32f3xx_hal_dma.o
                0x000000000800522e                HAL_DMA_Abort_IT
 .text.HAL_DMA_IRQHandler
                0x00000000080052aa      0x146 ./Drivers/STM32F3xx_HAL_Driver/Src/stm32f3xx_hal_dma.o
                0x00000000080052aa                HAL_DMA_IRQHandler
 .text.HAL_DMA_GetState
                0x00000000080053f0       0x1a ./Drivers/STM32F3xx_HAL_Driver/Src/stm32f3xx_hal_dma.o
                0x00000000080053f0                HAL_DMA_GetState
 .text.DMA_SetConfig
                0x000000000800540a       0x5c ./Drivers/STM32F3xx_HAL_Driver/Src/stm32f3xx_hal_dma.o
 *fill*         0x0000000008005466        0x2 
 .text.DMA_CalcBaseAndBitshift
                0x0000000008005468       0x78 ./Drivers/STM32F3xx_HAL_Driver/Src/stm32f3xx_hal_dma.o
 .text.HAL_GPIO_Init
                0x00000000080054e0      0x314 ./Drivers/STM32F3xx_HAL_Driver/Src/stm32f3xx_hal_gpio.o
                0x00000000080054e0                HAL_GPIO_Init
 .text.HAL_GPIO_WritePin
                0x00000000080057f4       0x30 ./Drivers/STM32F3xx_HAL_Driver/Src/stm32f3xx_hal_gpio.o
                0x00000000080057f4                HAL_GPIO_WritePin
 .text.HAL_GPIO_TogglePin
                0x0000000008005824       0x34 ./Drivers/STM32F3xx_HAL_Driver/Src/stm32f3xx_hal_gpio.o
                0x0000000008005824                HAL_GPIO_TogglePin
 .text.HAL_GPIO_EXTI_IRQHandler
                0x0000000008005858       0x30 ./Drivers/STM32F3xx_HAL_Driver/Src/stm32f3xx_hal_gpio.o
                0x0000000008005858                HAL_GPIO_EXTI_IRQHandler
 .text.HAL_I2C_Init
                0x0000000008005888      0x11e ./Drivers/STM32F3xx_HAL_Driver/Src/stm32f3xx_hal_i2c.o
                0x0000000008005888                HAL_I2C_Init
 .text.HAL_I2C_EV_IRQHandler
                0x00000000080059a6       0x34 ./Drivers/STM32F3xx_HAL_Driver/Src/stm32f3xx_hal_i2c.o
                0x00000000080059a6                HAL_I2C_EV_IRQHandler
 .text.HAL_I2C_ER_IRQHandler
                0x00000000080059da       0xb6 ./Drivers/STM32F3xx_HAL_Driver/Src/stm32f3xx_hal_i2c.o
                0x00000000080059da                HAL_I2C_ER_IRQHandler
 .text.HAL_I2C_SlaveTxCpltCallback
                0x0000000008005a90       0x14 ./Drivers/STM32F3xx_HAL_Driver/Src/stm32f3xx_hal_i2c.o
                0x0000000008005a90                HAL_I2C_SlaveTxCpltCallback
 .text.HAL_I2C_SlaveRxCpltCallback
                0x0000000008005aa4       0x14 ./Drivers/STM32F3xx_HAL_Driver/Src/stm32f3xx_hal_i2c.o
                0x0000000008005aa4                HAL_I2C_SlaveRxCpltCallback
 .text.HAL_I2C_AddrCallback
                0x0000000008005ab8       0x1c ./Drivers/STM32F3xx_HAL_Driver/Src/stm32f3xx_hal_i2c.o
                0x0000000008005ab8                HAL_I2C_AddrCallback
 .text.HAL_I2C_ListenCpltCallback
                0x0000000008005ad4       0x14 ./Drivers/STM32F3xx_HAL_Driver/Src/stm32f3xx_hal_i2c.o
                0x0000000008005ad4                HAL_I2C_ListenCpltCallback
 .text.HAL_I2C_ErrorCallback
                0x0000000008005ae8       0x14 ./Drivers/STM32F3xx_HAL_Driver/Src/stm32f3xx_hal_i2c.o
                0x0000000008005ae8                HAL_I2C_ErrorCallback
 .text.HAL_I2C_AbortCpltCallback
                0x0000000008005afc       0x14 ./Drivers/STM32F3xx_HAL_Driver/Src/stm32f3xx_hal_i2c.o
                0x0000000008005afc                HAL_I2C_AbortCpltCallback
 .text.I2C_Slave_ISR_IT
                0x0000000008005b10      0x1f0 ./Drivers/STM32F3xx_HAL_Driver/Src/stm32f3xx_hal_i2c.o
 .text.I2C_ITAddrCplt
                0x0000000008005d00      0x108 ./Drivers/STM32F3xx_HAL_Driver/Src/stm32f3xx_hal_i2c.o
 .text.I2C_ITSlaveSeqCplt
                0x0000000008005e08       0xb8 ./Drivers/STM32F3xx_HAL_Driver/Src/stm32f3xx_hal_i2c.o
 .text.I2C_ITSlaveCplt
                0x0000000008005ec0      0x20c ./Drivers/STM32F3xx_HAL_Driver/Src/stm32f3xx_hal_i2c.o
 .text.I2C_ITListenCplt
                0x00000000080060cc       0xa8 ./Drivers/STM32F3xx_HAL_Driver/Src/stm32f3xx_hal_i2c.o
 .text.I2C_ITError
                0x0000000008006174      0x1e0 ./Drivers/STM32F3xx_HAL_Driver/Src/stm32f3xx_hal_i2c.o
 .text.I2C_TreatErrorCallback
                0x0000000008006354       0x4e ./Drivers/STM32F3xx_HAL_Driver/Src/stm32f3xx_hal_i2c.o
 .text.I2C_Flush_TXDR
                0x00000000080063a2       0x48 ./Drivers/STM32F3xx_HAL_Driver/Src/stm32f3xx_hal_i2c.o
 .text.I2C_DMAAbort
                0x00000000080063ea       0x3c ./Drivers/STM32F3xx_HAL_Driver/Src/stm32f3xx_hal_i2c.o
 .text.I2C_Disable_IRQ
                0x0000000008006426       0xbc ./Drivers/STM32F3xx_HAL_Driver/Src/stm32f3xx_hal_i2c.o
 .text.HAL_I2CEx_ConfigAnalogFilter
                0x00000000080064e2       0x96 ./Drivers/STM32F3xx_HAL_Driver/Src/stm32f3xx_hal_i2c_ex.o
                0x00000000080064e2                HAL_I2CEx_ConfigAnalogFilter
 .text.HAL_I2CEx_ConfigDigitalFilter
                0x0000000008006578       0x98 ./Drivers/STM32F3xx_HAL_Driver/Src/stm32f3xx_hal_i2c_ex.o
                0x0000000008006578                HAL_I2CEx_ConfigDigitalFilter
 .text.HAL_RCC_OscConfig
                0x0000000008006610     0x10a8 ./Drivers/STM32F3xx_HAL_Driver/Src/stm32f3xx_hal_rcc.o
                0x0000000008006610                HAL_RCC_OscConfig
 .text.HAL_RCC_ClockConfig
                0x00000000080076b8      0x2f8 ./Drivers/STM32F3xx_HAL_Driver/Src/stm32f3xx_hal_rcc.o
                0x00000000080076b8                HAL_RCC_ClockConfig
 .text.HAL_RCC_GetSysClockFreq
                0x00000000080079b0       0xd4 ./Drivers/STM32F3xx_HAL_Driver/Src/stm32f3xx_hal_rcc.o
                0x00000000080079b0                HAL_RCC_GetSysClockFreq
 .text.HAL_RCC_GetHCLKFreq
                0x0000000008007a84       0x18 ./Drivers/STM32F3xx_HAL_Driver/Src/stm32f3xx_hal_rcc.o
                0x0000000008007a84                HAL_RCC_GetHCLKFreq
 .text.HAL_RCC_GetPCLK1Freq
                0x0000000008007a9c       0x44 ./Drivers/STM32F3xx_HAL_Driver/Src/stm32f3xx_hal_rcc.o
                0x0000000008007a9c                HAL_RCC_GetPCLK1Freq
 .text.HAL_RCC_GetPCLK2Freq
                0x0000000008007ae0       0x44 ./Drivers/STM32F3xx_HAL_Driver/Src/stm32f3xx_hal_rcc.o
                0x0000000008007ae0                HAL_RCC_GetPCLK2Freq
 .text.HAL_RCC_GetClockConfig
                0x0000000008007b24       0x64 ./Drivers/STM32F3xx_HAL_Driver/Src/stm32f3xx_hal_rcc.o
                0x0000000008007b24                HAL_RCC_GetClockConfig
 .text.HAL_RCCEx_PeriphCLKConfig
                0x0000000008007b88      0x43c ./Drivers/STM32F3xx_HAL_Driver/Src/stm32f3xx_hal_rcc_ex.o
                0x0000000008007b88                HAL_RCCEx_PeriphCLKConfig
 .text.HAL_SPI_Init
                0x0000000008007fc4      0x156 ./Drivers/STM32F3xx_HAL_Driver/Src/stm32f3xx_hal_spi.o
                0x0000000008007fc4                HAL_SPI_Init
 .text.HAL_SPI_Transmit
                0x000000000800811a      0x2ea ./Drivers/STM32F3xx_HAL_Driver/Src/stm32f3xx_hal_spi.o
                0x000000000800811a                HAL_SPI_Transmit
 .text.HAL_SPI_Receive
                0x0000000008008404      0x26e ./Drivers/STM32F3xx_HAL_Driver/Src/stm32f3xx_hal_spi.o
                0x0000000008008404                HAL_SPI_Receive
 .text.HAL_SPI_TransmitReceive
                0x0000000008008672      0x444 ./Drivers/STM32F3xx_HAL_Driver/Src/stm32f3xx_hal_spi.o
                0x0000000008008672                HAL_SPI_TransmitReceive
 *fill*         0x0000000008008ab6        0x2 
 .text.SPI_WaitFlagStateUntilTimeout
                0x0000000008008ab8      0x110 ./Drivers/STM32F3xx_HAL_Driver/Src/stm32f3xx_hal_spi.o
 .text.SPI_WaitFifoStateUntilTimeout
                0x0000000008008bc8      0x12c ./Drivers/STM32F3xx_HAL_Driver/Src/stm32f3xx_hal_spi.o
 .text.SPI_EndRxTransaction
                0x0000000008008cf4       0xb0 ./Drivers/STM32F3xx_HAL_Driver/Src/stm32f3xx_hal_spi.o
 .text.SPI_EndRxTxTransaction
                0x0000000008008da4       0x8c ./Drivers/STM32F3xx_HAL_Driver/Src/stm32f3xx_hal_spi.o
 .text.HAL_TIM_Base_Init
                0x0000000008008e30       0xae ./Drivers/STM32F3xx_HAL_Driver/Src/stm32f3xx_hal_tim.o
                0x0000000008008e30                HAL_TIM_Base_Init
 *fill*         0x0000000008008ede        0x2 
 .text.HAL_TIM_Base_Start_IT
                0x0000000008008ee0       0xe0 ./Drivers/STM32F3xx_HAL_Driver/Src/stm32f3xx_hal_tim.o
                0x0000000008008ee0                HAL_TIM_Base_Start_IT
 .text.HAL_TIM_OC_Start_IT
                0x0000000008008fc0      0x2b0 ./Drivers/STM32F3xx_HAL_Driver/Src/stm32f3xx_hal_tim.o
                0x0000000008008fc0                HAL_TIM_OC_Start_IT
 .text.HAL_TIM_PWM_Init
                0x0000000008009270       0xae ./Drivers/STM32F3xx_HAL_Driver/Src/stm32f3xx_hal_tim.o
                0x0000000008009270                HAL_TIM_PWM_Init
 .text.HAL_TIM_PWM_MspInit
                0x000000000800931e       0x14 ./Drivers/STM32F3xx_HAL_Driver/Src/stm32f3xx_hal_tim.o
                0x000000000800931e                HAL_TIM_PWM_MspInit
 *fill*         0x0000000008009332        0x2 
 .text.HAL_TIM_PWM_Start
                0x0000000008009334      0x218 ./Drivers/STM32F3xx_HAL_Driver/Src/stm32f3xx_hal_tim.o
                0x0000000008009334                HAL_TIM_PWM_Start
 .text.HAL_TIM_IRQHandler
                0x000000000800954c      0x23e ./Drivers/STM32F3xx_HAL_Driver/Src/stm32f3xx_hal_tim.o
                0x000000000800954c                HAL_TIM_IRQHandler
 *fill*         0x000000000800978a        0x2 
 .text.HAL_TIM_PWM_ConfigChannel
                0x000000000800978c      0x228 ./Drivers/STM32F3xx_HAL_Driver/Src/stm32f3xx_hal_tim.o
                0x000000000800978c                HAL_TIM_PWM_ConfigChannel
 .text.HAL_TIM_ConfigClockSource
                0x00000000080099b4      0x192 ./Drivers/STM32F3xx_HAL_Driver/Src/stm32f3xx_hal_tim.o
                0x00000000080099b4                HAL_TIM_ConfigClockSource
 .text.HAL_TIM_OC_DelayElapsedCallback
                0x0000000008009b46       0x14 ./Drivers/STM32F3xx_HAL_Driver/Src/stm32f3xx_hal_tim.o
                0x0000000008009b46                HAL_TIM_OC_DelayElapsedCallback
 .text.HAL_TIM_IC_CaptureCallback
                0x0000000008009b5a       0x14 ./Drivers/STM32F3xx_HAL_Driver/Src/stm32f3xx_hal_tim.o
                0x0000000008009b5a                HAL_TIM_IC_CaptureCallback
 .text.HAL_TIM_PWM_PulseFinishedCallback
                0x0000000008009b6e       0x14 ./Drivers/STM32F3xx_HAL_Driver/Src/stm32f3xx_hal_tim.o
                0x0000000008009b6e                HAL_TIM_PWM_PulseFinishedCallback
 .text.HAL_TIM_TriggerCallback
                0x0000000008009b82       0x14 ./Drivers/STM32F3xx_HAL_Driver/Src/stm32f3xx_hal_tim.o
                0x0000000008009b82                HAL_TIM_TriggerCallback
 *fill*         0x0000000008009b96        0x2 
 .text.TIM_Base_SetConfig
                0x0000000008009b98      0x13c ./Drivers/STM32F3xx_HAL_Driver/Src/stm32f3xx_hal_tim.o
                0x0000000008009b98                TIM_Base_SetConfig
 .text.TIM_OC1_SetConfig
                0x0000000008009cd4      0x134 ./Drivers/STM32F3xx_HAL_Driver/Src/stm32f3xx_hal_tim.o
 .text.TIM_OC2_SetConfig
                0x0000000008009e08      0x128 ./Drivers/STM32F3xx_HAL_Driver/Src/stm32f3xx_hal_tim.o
                0x0000000008009e08                TIM_OC2_SetConfig
 .text.TIM_OC3_SetConfig
                0x0000000008009f30      0x124 ./Drivers/STM32F3xx_HAL_Driver/Src/stm32f3xx_hal_tim.o
 .text.TIM_OC4_SetConfig
                0x000000000800a054       0xe0 ./Drivers/STM32F3xx_HAL_Driver/Src/stm32f3xx_hal_tim.o
 .text.TIM_OC5_SetConfig
                0x000000000800a134       0xd4 ./Drivers/STM32F3xx_HAL_Driver/Src/stm32f3xx_hal_tim.o
 .text.TIM_OC6_SetConfig
                0x000000000800a208       0xd8 ./Drivers/STM32F3xx_HAL_Driver/Src/stm32f3xx_hal_tim.o
 .text.TIM_TI1_ConfigInputStage
                0x000000000800a2e0       0x5e ./Drivers/STM32F3xx_HAL_Driver/Src/stm32f3xx_hal_tim.o
 .text.TIM_TI2_ConfigInputStage
                0x000000000800a33e       0x60 ./Drivers/STM32F3xx_HAL_Driver/Src/stm32f3xx_hal_tim.o
 .text.TIM_ITRx_SetConfig
                0x000000000800a39e       0x36 ./Drivers/STM32F3xx_HAL_Driver/Src/stm32f3xx_hal_tim.o
 .text.TIM_ETR_SetConfig
                0x000000000800a3d4       0x40 ./Drivers/STM32F3xx_HAL_Driver/Src/stm32f3xx_hal_tim.o
                0x000000000800a3d4                TIM_ETR_SetConfig
 .text.TIM_CCxChannelCmd
                0x000000000800a414       0x4a ./Drivers/STM32F3xx_HAL_Driver/Src/stm32f3xx_hal_tim.o
                0x000000000800a414                TIM_CCxChannelCmd
 *fill*         0x000000000800a45e        0x2 
 .text.HAL_TIMEx_PWMN_Start
                0x000000000800a460      0x174 ./Drivers/STM32F3xx_HAL_Driver/Src/stm32f3xx_hal_tim_ex.o
                0x000000000800a460                HAL_TIMEx_PWMN_Start
 .text.HAL_TIMEx_MasterConfigSynchronization
                0x000000000800a5d4      0x118 ./Drivers/STM32F3xx_HAL_Driver/Src/stm32f3xx_hal_tim_ex.o
                0x000000000800a5d4                HAL_TIMEx_MasterConfigSynchronization
 .text.HAL_TIMEx_ConfigBreakDeadTime
                0x000000000800a6ec      0x10c ./Drivers/STM32F3xx_HAL_Driver/Src/stm32f3xx_hal_tim_ex.o
                0x000000000800a6ec                HAL_TIMEx_ConfigBreakDeadTime
 .text.HAL_TIMEx_CommutCallback
                0x000000000800a7f8       0x14 ./Drivers/STM32F3xx_HAL_Driver/Src/stm32f3xx_hal_tim_ex.o
                0x000000000800a7f8                HAL_TIMEx_CommutCallback
 .text.HAL_TIMEx_BreakCallback
                0x000000000800a80c       0x14 ./Drivers/STM32F3xx_HAL_Driver/Src/stm32f3xx_hal_tim_ex.o
                0x000000000800a80c                HAL_TIMEx_BreakCallback
 .text.HAL_TIMEx_Break2Callback
                0x000000000800a820       0x14 ./Drivers/STM32F3xx_HAL_Driver/Src/stm32f3xx_hal_tim_ex.o
                0x000000000800a820                HAL_TIMEx_Break2Callback
 .text.TIM_CCxNChannelCmd
                0x000000000800a834       0x4a ./Drivers/STM32F3xx_HAL_Driver/Src/stm32f3xx_hal_tim_ex.o
 .text.HAL_UART_Init
                0x000000000800a87e       0x9c ./Drivers/STM32F3xx_HAL_Driver/Src/stm32f3xx_hal_uart.o
                0x000000000800a87e                HAL_UART_Init
 *fill*         0x000000000800a91a        0x2 
 .text.HAL_UART_Transmit_DMA
                0x000000000800a91c       0xf8 ./Drivers/STM32F3xx_HAL_Driver/Src/stm32f3xx_hal_uart.o
                0x000000000800a91c                HAL_UART_Transmit_DMA
 .text.HAL_UART_Receive_DMA
                0x000000000800aa14       0x88 ./Drivers/STM32F3xx_HAL_Driver/Src/stm32f3xx_hal_uart.o
                0x000000000800aa14                HAL_UART_Receive_DMA
 .text.HAL_UART_IRQHandler
                0x000000000800aa9c      0x5cc ./Drivers/STM32F3xx_HAL_Driver/Src/stm32f3xx_hal_uart.o
                0x000000000800aa9c                HAL_UART_IRQHandler
 .text.HAL_UART_TxCpltCallback
                0x000000000800b068       0x14 ./Drivers/STM32F3xx_HAL_Driver/Src/stm32f3xx_hal_uart.o
                0x000000000800b068                HAL_UART_TxCpltCallback
 .text.HAL_UART_TxHalfCpltCallback
                0x000000000800b07c       0x14 ./Drivers/STM32F3xx_HAL_Driver/Src/stm32f3xx_hal_uart.o
                0x000000000800b07c                HAL_UART_TxHalfCpltCallback
 .text.HAL_UART_RxHalfCpltCallback
                0x000000000800b090       0x14 ./Drivers/STM32F3xx_HAL_Driver/Src/stm32f3xx_hal_uart.o
                0x000000000800b090                HAL_UART_RxHalfCpltCallback
 .text.HAL_UART_ErrorCallback
                0x000000000800b0a4       0x14 ./Drivers/STM32F3xx_HAL_Driver/Src/stm32f3xx_hal_uart.o
                0x000000000800b0a4                HAL_UART_ErrorCallback
 .text.HAL_UARTEx_RxEventCallback
                0x000000000800b0b8       0x18 ./Drivers/STM32F3xx_HAL_Driver/Src/stm32f3xx_hal_uart.o
                0x000000000800b0b8                HAL_UARTEx_RxEventCallback
 .text.UART_SetConfig
                0x000000000800b0d0      0x3a8 ./Drivers/STM32F3xx_HAL_Driver/Src/stm32f3xx_hal_uart.o
                0x000000000800b0d0                UART_SetConfig
 .text.UART_AdvFeatureConfig
                0x000000000800b478      0x144 ./Drivers/STM32F3xx_HAL_Driver/Src/stm32f3xx_hal_uart.o
                0x000000000800b478                UART_AdvFeatureConfig
 .text.UART_CheckIdleState
                0x000000000800b5bc      0x150 ./Drivers/STM32F3xx_HAL_Driver/Src/stm32f3xx_hal_uart.o
                0x000000000800b5bc                UART_CheckIdleState
 .text.UART_WaitOnFlagUntilTimeout
                0x000000000800b70c       0xce ./Drivers/STM32F3xx_HAL_Driver/Src/stm32f3xx_hal_uart.o
                0x000000000800b70c                UART_WaitOnFlagUntilTimeout
 *fill*         0x000000000800b7da        0x2 
 .text.UART_Start_Receive_DMA
                0x000000000800b7dc      0x140 ./Drivers/STM32F3xx_HAL_Driver/Src/stm32f3xx_hal_uart.o
                0x000000000800b7dc                UART_Start_Receive_DMA
 .text.UART_EndTxTransfer
                0x000000000800b91c       0x4c ./Drivers/STM32F3xx_HAL_Driver/Src/stm32f3xx_hal_uart.o
 .text.UART_EndRxTransfer
                0x000000000800b968       0xc8 ./Drivers/STM32F3xx_HAL_Driver/Src/stm32f3xx_hal_uart.o
 .text.UART_DMATransmitCplt
                0x000000000800ba30       0x94 ./Drivers/STM32F3xx_HAL_Driver/Src/stm32f3xx_hal_uart.o
 .text.UART_DMATxHalfCplt
                0x000000000800bac4       0x1c ./Drivers/STM32F3xx_HAL_Driver/Src/stm32f3xx_hal_uart.o
 .text.UART_DMAReceiveCplt
                0x000000000800bae0      0x126 ./Drivers/STM32F3xx_HAL_Driver/Src/stm32f3xx_hal_uart.o
 .text.UART_DMARxHalfCplt
                0x000000000800bc06       0x3e ./Drivers/STM32F3xx_HAL_Driver/Src/stm32f3xx_hal_uart.o
 .text.UART_DMAError
                0x000000000800bc44       0x7e ./Drivers/STM32F3xx_HAL_Driver/Src/stm32f3xx_hal_uart.o
 .text.UART_DMAAbortOnError
                0x000000000800bcc2       0x2c ./Drivers/STM32F3xx_HAL_Driver/Src/stm32f3xx_hal_uart.o
 .text.UART_EndTransmit_IT
                0x000000000800bcee       0x54 ./Drivers/STM32F3xx_HAL_Driver/Src/stm32f3xx_hal_uart.o
 .text.HAL_UARTEx_WakeupCallback
                0x000000000800bd42       0x14 ./Drivers/STM32F3xx_HAL_Driver/Src/stm32f3xx_hal_uart_ex.o
                0x000000000800bd42                HAL_UARTEx_WakeupCallback
 .text.makeFreeRtosPriority
                0x000000000800bd56       0x30 ./Middlewares/Third_Party/FreeRTOS/Source/CMSIS_RTOS/cmsis_os.o
 .text.osKernelStart
                0x000000000800bd86        0xe ./Middlewares/Third_Party/FreeRTOS/Source/CMSIS_RTOS/cmsis_os.o
                0x000000000800bd86                osKernelStart
 .text.osThreadCreate
                0x000000000800bd94       0x98 ./Middlewares/Third_Party/FreeRTOS/Source/CMSIS_RTOS/cmsis_os.o
                0x000000000800bd94                osThreadCreate
 .text.osDelay  0x000000000800be2c       0x28 ./Middlewares/Third_Party/FreeRTOS/Source/CMSIS_RTOS/cmsis_os.o
                0x000000000800be2c                osDelay
 .text.osSemaphoreCreate
                0x000000000800be54       0x64 ./Middlewares/Third_Party/FreeRTOS/Source/CMSIS_RTOS/cmsis_os.o
                0x000000000800be54                osSemaphoreCreate
 .text.osMessageCreate
                0x000000000800beb8       0x50 ./Middlewares/Third_Party/FreeRTOS/Source/CMSIS_RTOS/cmsis_os.o
                0x000000000800beb8                osMessageCreate
 .text.vListInitialise
                0x000000000800bf08       0x40 ./Middlewares/Third_Party/FreeRTOS/Source/list.o
                0x000000000800bf08                vListInitialise
 .text.vListInitialiseItem
                0x000000000800bf48       0x1a ./Middlewares/Third_Party/FreeRTOS/Source/list.o
                0x000000000800bf48                vListInitialiseItem
 .text.vListInsertEnd
                0x000000000800bf62       0x48 ./Middlewares/Third_Party/FreeRTOS/Source/list.o
                0x000000000800bf62                vListInsertEnd
 .text.vListInsert
                0x000000000800bfaa       0x72 ./Middlewares/Third_Party/FreeRTOS/Source/list.o
                0x000000000800bfaa                vListInsert
 .text.uxListRemove
                0x000000000800c01c       0x54 ./Middlewares/Third_Party/FreeRTOS/Source/list.o
                0x000000000800c01c                uxListRemove
 .text.xQueueGenericReset
                0x000000000800c070       0xd0 ./Middlewares/Third_Party/FreeRTOS/Source/queue.o
                0x000000000800c070                xQueueGenericReset
 .text.xQueueGenericCreateStatic
                0x000000000800c140       0xee ./Middlewares/Third_Party/FreeRTOS/Source/queue.o
                0x000000000800c140                xQueueGenericCreateStatic
 .text.xQueueGenericCreate
                0x000000000800c22e       0x7c ./Middlewares/Third_Party/FreeRTOS/Source/queue.o
                0x000000000800c22e                xQueueGenericCreate
 .text.prvInitialiseNewQueue
                0x000000000800c2aa       0x3e ./Middlewares/Third_Party/FreeRTOS/Source/queue.o
 .text.xQueueGenericSend
                0x000000000800c2e8      0x1fc ./Middlewares/Third_Party/FreeRTOS/Source/queue.o
                0x000000000800c2e8                xQueueGenericSend
 .text.xQueueReceive
                0x000000000800c4e4      0x1c0 ./Middlewares/Third_Party/FreeRTOS/Source/queue.o
                0x000000000800c4e4                xQueueReceive
 .text.xQueueSemaphoreTake
                0x000000000800c6a4      0x218 ./Middlewares/Third_Party/FreeRTOS/Source/queue.o
                0x000000000800c6a4                xQueueSemaphoreTake
 .text.prvGetDisinheritPriorityAfterTimeout
                0x000000000800c8bc       0x30 ./Middlewares/Third_Party/FreeRTOS/Source/queue.o
 .text.prvCopyDataToQueue
                0x000000000800c8ec       0xd4 ./Middlewares/Third_Party/FreeRTOS/Source/queue.o
 .text.prvCopyDataFromQueue
                0x000000000800c9c0       0x4c ./Middlewares/Third_Party/FreeRTOS/Source/queue.o
 .text.prvUnlockQueue
                0x000000000800ca0c       0xa4 ./Middlewares/Third_Party/FreeRTOS/Source/queue.o
 .text.prvIsQueueEmpty
                0x000000000800cab0       0x2c ./Middlewares/Third_Party/FreeRTOS/Source/queue.o
 .text.prvIsQueueFull
                0x000000000800cadc       0x30 ./Middlewares/Third_Party/FreeRTOS/Source/queue.o
 .text.xTaskCreateStatic
                0x000000000800cb0c       0xb8 ./Middlewares/Third_Party/FreeRTOS/Source/tasks.o
                0x000000000800cb0c                xTaskCreateStatic
 .text.xTaskCreate
                0x000000000800cbc4       0x8a ./Middlewares/Third_Party/FreeRTOS/Source/tasks.o
                0x000000000800cbc4                xTaskCreate
 *fill*         0x000000000800cc4e        0x2 
 .text.prvInitialiseNewTask
                0x000000000800cc50      0x12c ./Middlewares/Third_Party/FreeRTOS/Source/tasks.o
 .text.prvAddNewTaskToReadyList
                0x000000000800cd7c       0xd4 ./Middlewares/Third_Party/FreeRTOS/Source/tasks.o
 .text.vTaskDelay
                0x000000000800ce50       0x68 ./Middlewares/Third_Party/FreeRTOS/Source/tasks.o
                0x000000000800ce50                vTaskDelay
 .text.vTaskStartScheduler
                0x000000000800ceb8       0xd4 ./Middlewares/Third_Party/FreeRTOS/Source/tasks.o
                0x000000000800ceb8                vTaskStartScheduler
 .text.vTaskSuspendAll
                0x000000000800cf8c       0x1c ./Middlewares/Third_Party/FreeRTOS/Source/tasks.o
                0x000000000800cf8c                vTaskSuspendAll
 .text.xTaskResumeAll
                0x000000000800cfa8      0x138 ./Middlewares/Third_Party/FreeRTOS/Source/tasks.o
                0x000000000800cfa8                xTaskResumeAll
 .text.xTaskIncrementTick
                0x000000000800d0e0      0x17c ./Middlewares/Third_Party/FreeRTOS/Source/tasks.o
                0x000000000800d0e0                xTaskIncrementTick
 .text.vTaskSwitchContext
                0x000000000800d25c       0xc4 ./Middlewares/Third_Party/FreeRTOS/Source/tasks.o
                0x000000000800d25c                vTaskSwitchContext
 .text.vTaskPlaceOnEventList
                0x000000000800d320       0x48 ./Middlewares/Third_Party/FreeRTOS/Source/tasks.o
                0x000000000800d320                vTaskPlaceOnEventList
 .text.xTaskRemoveFromEventList
                0x000000000800d368       0xc4 ./Middlewares/Third_Party/FreeRTOS/Source/tasks.o
                0x000000000800d368                xTaskRemoveFromEventList
 .text.vTaskInternalSetTimeOutState
                0x000000000800d42c       0x2c ./Middlewares/Third_Party/FreeRTOS/Source/tasks.o
                0x000000000800d42c                vTaskInternalSetTimeOutState
 .text.xTaskCheckForTimeOut
                0x000000000800d458       0xc4 ./Middlewares/Third_Party/FreeRTOS/Source/tasks.o
                0x000000000800d458                xTaskCheckForTimeOut
 .text.vTaskMissedYield
                0x000000000800d51c       0x18 ./Middlewares/Third_Party/FreeRTOS/Source/tasks.o
                0x000000000800d51c                vTaskMissedYield
 .text.prvIdleTask
                0x000000000800d534       0x30 ./Middlewares/Third_Party/FreeRTOS/Source/tasks.o
 .text.prvInitialiseTaskLists
                0x000000000800d564       0x80 ./Middlewares/Third_Party/FreeRTOS/Source/tasks.o
 .text.prvCheckTasksWaitingTermination
                0x000000000800d5e4       0x5c ./Middlewares/Third_Party/FreeRTOS/Source/tasks.o
 .text.prvDeleteTCB
                0x000000000800d640       0x68 ./Middlewares/Third_Party/FreeRTOS/Source/tasks.o
 .text.prvResetNextTaskUnblockTime
                0x000000000800d6a8       0x4c ./Middlewares/Third_Party/FreeRTOS/Source/tasks.o
 .text.xTaskGetSchedulerState
                0x000000000800d6f4       0x3c ./Middlewares/Third_Party/FreeRTOS/Source/tasks.o
                0x000000000800d6f4                xTaskGetSchedulerState
 .text.xTaskPriorityInherit
                0x000000000800d730      0x10c ./Middlewares/Third_Party/FreeRTOS/Source/tasks.o
                0x000000000800d730                xTaskPriorityInherit
 .text.xTaskPriorityDisinherit
                0x000000000800d83c      0x10c ./Middlewares/Third_Party/FreeRTOS/Source/tasks.o
                0x000000000800d83c                xTaskPriorityDisinherit
 .text.vTaskPriorityDisinheritAfterTimeout
                0x000000000800d948      0x140 ./Middlewares/Third_Party/FreeRTOS/Source/tasks.o
                0x000000000800d948                vTaskPriorityDisinheritAfterTimeout
 .text.pvTaskIncrementMutexHeldCount
                0x000000000800da88       0x28 ./Middlewares/Third_Party/FreeRTOS/Source/tasks.o
                0x000000000800da88                pvTaskIncrementMutexHeldCount
 .text.prvAddCurrentTaskToDelayedList
                0x000000000800dab0       0xcc ./Middlewares/Third_Party/FreeRTOS/Source/tasks.o
 .text.pxPortInitialiseStack
                0x000000000800db7c       0x68 ./Middlewares/Third_Party/FreeRTOS/Source/portable/GCC/ARM_CM4F/port.o
                0x000000000800db7c                pxPortInitialiseStack
 .text.prvTaskExitError
                0x000000000800dbe4       0x58 ./Middlewares/Third_Party/FreeRTOS/Source/portable/GCC/ARM_CM4F/port.o
 *fill*         0x000000000800dc3c        0x4 
 .text.SVC_Handler
                0x000000000800dc40       0x28 ./Middlewares/Third_Party/FreeRTOS/Source/portable/GCC/ARM_CM4F/port.o
                0x000000000800dc40                SVC_Handler
 .text.prvPortStartFirstTask
                0x000000000800dc68       0x28 ./Middlewares/Third_Party/FreeRTOS/Source/portable/GCC/ARM_CM4F/port.o
 .text.xPortStartScheduler
                0x000000000800dc90      0x144 ./Middlewares/Third_Party/FreeRTOS/Source/portable/GCC/ARM_CM4F/port.o
                0x000000000800dc90                xPortStartScheduler
 .text.vPortEnterCritical
                0x000000000800ddd4       0x60 ./Middlewares/Third_Party/FreeRTOS/Source/portable/GCC/ARM_CM4F/port.o
                0x000000000800ddd4                vPortEnterCritical
 .text.vPortExitCritical
                0x000000000800de34       0x54 ./Middlewares/Third_Party/FreeRTOS/Source/portable/GCC/ARM_CM4F/port.o
                0x000000000800de34                vPortExitCritical
 *fill*         0x000000000800de88        0x8 
 .text.PendSV_Handler
                0x000000000800de90       0x68 ./Middlewares/Third_Party/FreeRTOS/Source/portable/GCC/ARM_CM4F/port.o
                0x000000000800de90                PendSV_Handler
 .text.SysTick_Handler
                0x000000000800def8       0x44 ./Middlewares/Third_Party/FreeRTOS/Source/portable/GCC/ARM_CM4F/port.o
                0x000000000800def8                SysTick_Handler
 .text.vPortSetupTimerInterrupt
                0x000000000800df3c       0x48 ./Middlewares/Third_Party/FreeRTOS/Source/portable/GCC/ARM_CM4F/port.o
                0x000000000800df3c                vPortSetupTimerInterrupt
 .text.vPortEnableVFP
                0x000000000800df84       0x14 ./Middlewares/Third_Party/FreeRTOS/Source/portable/GCC/ARM_CM4F/port.o
 .text.pvPortMalloc
                0x000000000800df98      0x188 ./Middlewares/Third_Party/FreeRTOS/Source/portable/MemMang/heap_4.o
                0x000000000800df98                pvPortMalloc
 .text.vPortFree
                0x000000000800e120       0xb4 ./Middlewares/Third_Party/FreeRTOS/Source/portable/MemMang/heap_4.o
                0x000000000800e120                vPortFree
 .text.prvHeapInit
                0x000000000800e1d4       0xc4 ./Middlewares/Third_Party/FreeRTOS/Source/portable/MemMang/heap_4.o
 .text.prvInsertBlockIntoFreeList
                0x000000000800e298       0xb4 ./Middlewares/Third_Party/FreeRTOS/Source/portable/MemMang/heap_4.o
 .text.__cvt    0x000000000800e34c       0xc4 C:/ST/STM32CubeIDE_1.11.2/STM32CubeIDE/plugins/com.st.stm32cube.ide.mcu.externaltools.gnu-tools-for-stm32.11.3.rel1.win32_1.1.1.202309131626/tools/bin/../lib/gcc/arm-none-eabi/11.3.1/../../../../arm-none-eabi/lib/thumb/v7e-m+fp/hard\libc_nano.a(libc_a-nano-vfprintf_float.o)
                0x000000000800e34c                __cvt
 .text.__exponent
                0x000000000800e410       0x7c C:/ST/STM32CubeIDE_1.11.2/STM32CubeIDE/plugins/com.st.stm32cube.ide.mcu.externaltools.gnu-tools-for-stm32.11.3.rel1.win32_1.1.1.202309131626/tools/bin/../lib/gcc/arm-none-eabi/11.3.1/../../../../arm-none-eabi/lib/thumb/v7e-m+fp/hard\libc_nano.a(libc_a-nano-vfprintf_float.o)
                0x000000000800e410                __exponent
 .text._printf_float
                0x000000000800e48c      0x46c C:/ST/STM32CubeIDE_1.11.2/STM32CubeIDE/plugins/com.st.stm32cube.ide.mcu.externaltools.gnu-tools-for-stm32.11.3.rel1.win32_1.1.1.202309131626/tools/bin/../lib/gcc/arm-none-eabi/11.3.1/../../../../arm-none-eabi/lib/thumb/v7e-m+fp/hard\libc_nano.a(libc_a-nano-vfprintf_float.o)
                0x000000000800e48c                _printf_float
 .text._printf_common
                0x000000000800e8f8       0xda C:/ST/STM32CubeIDE_1.11.2/STM32CubeIDE/plugins/com.st.stm32cube.ide.mcu.externaltools.gnu-tools-for-stm32.11.3.rel1.win32_1.1.1.202309131626/tools/bin/../lib/gcc/arm-none-eabi/11.3.1/../../../../arm-none-eabi/lib/thumb/v7e-m+fp/hard\libc_nano.a(libc_a-nano-vfprintf_i.o)
                0x000000000800e8f8                _printf_common
 *fill*         0x000000000800e9d2        0x2 
 .text._printf_i
                0x000000000800e9d4      0x244 C:/ST/STM32CubeIDE_1.11.2/STM32CubeIDE/plugins/com.st.stm32cube.ide.mcu.externaltools.gnu-tools-for-stm32.11.3.rel1.win32_1.1.1.202309131626/tools/bin/../lib/gcc/arm-none-eabi/11.3.1/../../../../arm-none-eabi/lib/thumb/v7e-m+fp/hard\libc_nano.a(libc_a-nano-vfprintf_i.o)
                0x000000000800e9d4                _printf_i
 .text.std      0x000000000800ec18       0x6c C:/ST/STM32CubeIDE_1.11.2/STM32CubeIDE/plugins/com.st.stm32cube.ide.mcu.externaltools.gnu-tools-for-stm32.11.3.rel1.win32_1.1.1.202309131626/tools/bin/../lib/gcc/arm-none-eabi/11.3.1/../../../../arm-none-eabi/lib/thumb/v7e-m+fp/hard\libc_nano.a(libc_a-findfp.o)
 .text.stdio_exit_handler
                0x000000000800ec84       0x18 C:/ST/STM32CubeIDE_1.11.2/STM32CubeIDE/plugins/com.st.stm32cube.ide.mcu.externaltools.gnu-tools-for-stm32.11.3.rel1.win32_1.1.1.202309131626/tools/bin/../lib/gcc/arm-none-eabi/11.3.1/../../../../arm-none-eabi/lib/thumb/v7e-m+fp/hard\libc_nano.a(libc_a-findfp.o)
 .text.cleanup_stdio
                0x000000000800ec9c       0x40 C:/ST/STM32CubeIDE_1.11.2/STM32CubeIDE/plugins/com.st.stm32cube.ide.mcu.externaltools.gnu-tools-for-stm32.11.3.rel1.win32_1.1.1.202309131626/tools/bin/../lib/gcc/arm-none-eabi/11.3.1/../../../../arm-none-eabi/lib/thumb/v7e-m+fp/hard\libc_nano.a(libc_a-findfp.o)
 .text.global_stdio_init.part.0
                0x000000000800ecdc       0x3c C:/ST/STM32CubeIDE_1.11.2/STM32CubeIDE/plugins/com.st.stm32cube.ide.mcu.externaltools.gnu-tools-for-stm32.11.3.rel1.win32_1.1.1.202309131626/tools/bin/../lib/gcc/arm-none-eabi/11.3.1/../../../../arm-none-eabi/lib/thumb/v7e-m+fp/hard\libc_nano.a(libc_a-findfp.o)
 .text.__sfp_lock_acquire
                0x000000000800ed18        0xc C:/ST/STM32CubeIDE_1.11.2/STM32CubeIDE/plugins/com.st.stm32cube.ide.mcu.externaltools.gnu-tools-for-stm32.11.3.rel1.win32_1.1.1.202309131626/tools/bin/../lib/gcc/arm-none-eabi/11.3.1/../../../../arm-none-eabi/lib/thumb/v7e-m+fp/hard\libc_nano.a(libc_a-findfp.o)
                0x000000000800ed18                __sfp_lock_acquire
 .text.__sfp_lock_release
                0x000000000800ed24        0xc C:/ST/STM32CubeIDE_1.11.2/STM32CubeIDE/plugins/com.st.stm32cube.ide.mcu.externaltools.gnu-tools-for-stm32.11.3.rel1.win32_1.1.1.202309131626/tools/bin/../lib/gcc/arm-none-eabi/11.3.1/../../../../arm-none-eabi/lib/thumb/v7e-m+fp/hard\libc_nano.a(libc_a-findfp.o)
                0x000000000800ed24                __sfp_lock_release
 .text.__sinit  0x000000000800ed30       0x30 C:/ST/STM32CubeIDE_1.11.2/STM32CubeIDE/plugins/com.st.stm32cube.ide.mcu.externaltools.gnu-tools-for-stm32.11.3.rel1.win32_1.1.1.202309131626/tools/bin/../lib/gcc/arm-none-eabi/11.3.1/../../../../arm-none-eabi/lib/thumb/v7e-m+fp/hard\libc_nano.a(libc_a-findfp.o)
                0x000000000800ed30                __sinit
 .text._fwalk_sglue
                0x000000000800ed60       0x3c C:/ST/STM32CubeIDE_1.11.2/STM32CubeIDE/plugins/com.st.stm32cube.ide.mcu.externaltools.gnu-tools-for-stm32.11.3.rel1.win32_1.1.1.202309131626/tools/bin/../lib/gcc/arm-none-eabi/11.3.1/../../../../arm-none-eabi/lib/thumb/v7e-m+fp/hard\libc_nano.a(libc_a-fwalk.o)
                0x000000000800ed60                _fwalk_sglue
 .text.__sread  0x000000000800ed9c       0x22 C:/ST/STM32CubeIDE_1.11.2/STM32CubeIDE/plugins/com.st.stm32cube.ide.mcu.externaltools.gnu-tools-for-stm32.11.3.rel1.win32_1.1.1.202309131626/tools/bin/../lib/gcc/arm-none-eabi/11.3.1/../../../../arm-none-eabi/lib/thumb/v7e-m+fp/hard\libc_nano.a(libc_a-stdio.o)
                0x000000000800ed9c                __sread
 .text.__swrite
                0x000000000800edbe       0x38 C:/ST/STM32CubeIDE_1.11.2/STM32CubeIDE/plugins/com.st.stm32cube.ide.mcu.externaltools.gnu-tools-for-stm32.11.3.rel1.win32_1.1.1.202309131626/tools/bin/../lib/gcc/arm-none-eabi/11.3.1/../../../../arm-none-eabi/lib/thumb/v7e-m+fp/hard\libc_nano.a(libc_a-stdio.o)
                0x000000000800edbe                __swrite
 .text.__sseek  0x000000000800edf6       0x24 C:/ST/STM32CubeIDE_1.11.2/STM32CubeIDE/plugins/com.st.stm32cube.ide.mcu.externaltools.gnu-tools-for-stm32.11.3.rel1.win32_1.1.1.202309131626/tools/bin/../lib/gcc/arm-none-eabi/11.3.1/../../../../arm-none-eabi/lib/thumb/v7e-m+fp/hard\libc_nano.a(libc_a-stdio.o)
                0x000000000800edf6                __sseek
 .text.__sclose
                0x000000000800ee1a        0x8 C:/ST/STM32CubeIDE_1.11.2/STM32CubeIDE/plugins/com.st.stm32cube.ide.mcu.externaltools.gnu-tools-for-stm32.11.3.rel1.win32_1.1.1.202309131626/tools/bin/../lib/gcc/arm-none-eabi/11.3.1/../../../../arm-none-eabi/lib/thumb/v7e-m+fp/hard\libc_nano.a(libc_a-stdio.o)
                0x000000000800ee1a                __sclose
 .text.memset   0x000000000800ee22       0x10 C:/ST/STM32CubeIDE_1.11.2/STM32CubeIDE/plugins/com.st.stm32cube.ide.mcu.externaltools.gnu-tools-for-stm32.11.3.rel1.win32_1.1.1.202309131626/tools/bin/../lib/gcc/arm-none-eabi/11.3.1/../../../../arm-none-eabi/lib/thumb/v7e-m+fp/hard\libc_nano.a(libc_a-memset.o)
                0x000000000800ee22                memset
 *fill*         0x000000000800ee32        0x2 
 .text._localeconv_r
                0x000000000800ee34        0x8 C:/ST/STM32CubeIDE_1.11.2/STM32CubeIDE/plugins/com.st.stm32cube.ide.mcu.externaltools.gnu-tools-for-stm32.11.3.rel1.win32_1.1.1.202309131626/tools/bin/../lib/gcc/arm-none-eabi/11.3.1/../../../../arm-none-eabi/lib/thumb/v7e-m+fp/hard\libc_nano.a(libc_a-localeconv.o)
                0x000000000800ee34                _localeconv_r
 .text._close_r
                0x000000000800ee3c       0x20 C:/ST/STM32CubeIDE_1.11.2/STM32CubeIDE/plugins/com.st.stm32cube.ide.mcu.externaltools.gnu-tools-for-stm32.11.3.rel1.win32_1.1.1.202309131626/tools/bin/../lib/gcc/arm-none-eabi/11.3.1/../../../../arm-none-eabi/lib/thumb/v7e-m+fp/hard\libc_nano.a(libc_a-closer.o)
                0x000000000800ee3c                _close_r
 .text._reclaim_reent
                0x000000000800ee5c       0xac C:/ST/STM32CubeIDE_1.11.2/STM32CubeIDE/plugins/com.st.stm32cube.ide.mcu.externaltools.gnu-tools-for-stm32.11.3.rel1.win32_1.1.1.202309131626/tools/bin/../lib/gcc/arm-none-eabi/11.3.1/../../../../arm-none-eabi/lib/thumb/v7e-m+fp/hard\libc_nano.a(libc_a-reent.o)
                0x000000000800ee5c                _reclaim_reent
 .text._lseek_r
                0x000000000800ef08       0x24 C:/ST/STM32CubeIDE_1.11.2/STM32CubeIDE/plugins/com.st.stm32cube.ide.mcu.externaltools.gnu-tools-for-stm32.11.3.rel1.win32_1.1.1.202309131626/tools/bin/../lib/gcc/arm-none-eabi/11.3.1/../../../../arm-none-eabi/lib/thumb/v7e-m+fp/hard\libc_nano.a(libc_a-lseekr.o)
                0x000000000800ef08                _lseek_r
 .text._read_r  0x000000000800ef2c       0x24 C:/ST/STM32CubeIDE_1.11.2/STM32CubeIDE/plugins/com.st.stm32cube.ide.mcu.externaltools.gnu-tools-for-stm32.11.3.rel1.win32_1.1.1.202309131626/tools/bin/../lib/gcc/arm-none-eabi/11.3.1/../../../../arm-none-eabi/lib/thumb/v7e-m+fp/hard\libc_nano.a(libc_a-readr.o)
                0x000000000800ef2c                _read_r
 .text._write_r
                0x000000000800ef50       0x24 C:/ST/STM32CubeIDE_1.11.2/STM32CubeIDE/plugins/com.st.stm32cube.ide.mcu.externaltools.gnu-tools-for-stm32.11.3.rel1.win32_1.1.1.202309131626/tools/bin/../lib/gcc/arm-none-eabi/11.3.1/../../../../arm-none-eabi/lib/thumb/v7e-m+fp/hard\libc_nano.a(libc_a-writer.o)
                0x000000000800ef50                _write_r
 .text.__errno  0x000000000800ef74        0xc C:/ST/STM32CubeIDE_1.11.2/STM32CubeIDE/plugins/com.st.stm32cube.ide.mcu.externaltools.gnu-tools-for-stm32.11.3.rel1.win32_1.1.1.202309131626/tools/bin/../lib/gcc/arm-none-eabi/11.3.1/../../../../arm-none-eabi/lib/thumb/v7e-m+fp/hard\libc_nano.a(libc_a-errno.o)
                0x000000000800ef74                __errno
 .text.__libc_init_array
                0x000000000800ef80       0x48 C:/ST/STM32CubeIDE_1.11.2/STM32CubeIDE/plugins/com.st.stm32cube.ide.mcu.externaltools.gnu-tools-for-stm32.11.3.rel1.win32_1.1.1.202309131626/tools/bin/../lib/gcc/arm-none-eabi/11.3.1/../../../../arm-none-eabi/lib/thumb/v7e-m+fp/hard\libc_nano.a(libc_a-init.o)
                0x000000000800ef80                __libc_init_array
 .text.__retarget_lock_init_recursive
                0x000000000800efc8        0x2 C:/ST/STM32CubeIDE_1.11.2/STM32CubeIDE/plugins/com.st.stm32cube.ide.mcu.externaltools.gnu-tools-for-stm32.11.3.rel1.win32_1.1.1.202309131626/tools/bin/../lib/gcc/arm-none-eabi/11.3.1/../../../../arm-none-eabi/lib/thumb/v7e-m+fp/hard\libc_nano.a(libc_a-lock.o)
                0x000000000800efc8                __retarget_lock_init_recursive
 .text.__retarget_lock_acquire_recursive
                0x000000000800efca        0x2 C:/ST/STM32CubeIDE_1.11.2/STM32CubeIDE/plugins/com.st.stm32cube.ide.mcu.externaltools.gnu-tools-for-stm32.11.3.rel1.win32_1.1.1.202309131626/tools/bin/../lib/gcc/arm-none-eabi/11.3.1/../../../../arm-none-eabi/lib/thumb/v7e-m+fp/hard\libc_nano.a(libc_a-lock.o)
                0x000000000800efca                __retarget_lock_acquire_recursive
 .text.__retarget_lock_release_recursive
                0x000000000800efcc        0x2 C:/ST/STM32CubeIDE_1.11.2/STM32CubeIDE/plugins/com.st.stm32cube.ide.mcu.externaltools.gnu-tools-for-stm32.11.3.rel1.win32_1.1.1.202309131626/tools/bin/../lib/gcc/arm-none-eabi/11.3.1/../../../../arm-none-eabi/lib/thumb/v7e-m+fp/hard\libc_nano.a(libc_a-lock.o)
                0x000000000800efcc                __retarget_lock_release_recursive
 .text.memcpy   0x000000000800efce       0x1c C:/ST/STM32CubeIDE_1.11.2/STM32CubeIDE/plugins/com.st.stm32cube.ide.mcu.externaltools.gnu-tools-for-stm32.11.3.rel1.win32_1.1.1.202309131626/tools/bin/../lib/gcc/arm-none-eabi/11.3.1/../../../../arm-none-eabi/lib/thumb/v7e-m+fp/hard\libc_nano.a(libc_a-memcpy-stub.o)
                0x000000000800efce                memcpy
 .text.quorem   0x000000000800efea      0x110 C:/ST/STM32CubeIDE_1.11.2/STM32CubeIDE/plugins/com.st.stm32cube.ide.mcu.externaltools.gnu-tools-for-stm32.11.3.rel1.win32_1.1.1.202309131626/tools/bin/../lib/gcc/arm-none-eabi/11.3.1/../../../../arm-none-eabi/lib/thumb/v7e-m+fp/hard\libc_nano.a(libc_a-dtoa.o)
 *fill*         0x000000000800f0fa        0x6 
 .text._dtoa_r  0x000000000800f100      0xbe4 C:/ST/STM32CubeIDE_1.11.2/STM32CubeIDE/plugins/com.st.stm32cube.ide.mcu.externaltools.gnu-tools-for-stm32.11.3.rel1.win32_1.1.1.202309131626/tools/bin/../lib/gcc/arm-none-eabi/11.3.1/../../../../arm-none-eabi/lib/thumb/v7e-m+fp/hard\libc_nano.a(libc_a-dtoa.o)
                0x000000000800f100                _dtoa_r
 .text._free_r  0x000000000800fce4       0x98 C:/ST/STM32CubeIDE_1.11.2/STM32CubeIDE/plugins/com.st.stm32cube.ide.mcu.externaltools.gnu-tools-for-stm32.11.3.rel1.win32_1.1.1.202309131626/tools/bin/../lib/gcc/arm-none-eabi/11.3.1/../../../../arm-none-eabi/lib/thumb/v7e-m+fp/hard\libc_nano.a(libc_a-freer.o)
                0x000000000800fce4                _free_r
 .text.malloc   0x000000000800fd7c       0x10 C:/ST/STM32CubeIDE_1.11.2/STM32CubeIDE/plugins/com.st.stm32cube.ide.mcu.externaltools.gnu-tools-for-stm32.11.3.rel1.win32_1.1.1.202309131626/tools/bin/../lib/gcc/arm-none-eabi/11.3.1/../../../../arm-none-eabi/lib/thumb/v7e-m+fp/hard\libc_nano.a(libc_a-malloc.o)
                0x000000000800fd7c                malloc
 .text.sbrk_aligned
                0x000000000800fd8c       0x40 C:/ST/STM32CubeIDE_1.11.2/STM32CubeIDE/plugins/com.st.stm32cube.ide.mcu.externaltools.gnu-tools-for-stm32.11.3.rel1.win32_1.1.1.202309131626/tools/bin/../lib/gcc/arm-none-eabi/11.3.1/../../../../arm-none-eabi/lib/thumb/v7e-m+fp/hard\libc_nano.a(libc_a-mallocr.o)
 .text._malloc_r
                0x000000000800fdcc      0x100 C:/ST/STM32CubeIDE_1.11.2/STM32CubeIDE/plugins/com.st.stm32cube.ide.mcu.externaltools.gnu-tools-for-stm32.11.3.rel1.win32_1.1.1.202309131626/tools/bin/../lib/gcc/arm-none-eabi/11.3.1/../../../../arm-none-eabi/lib/thumb/v7e-m+fp/hard\libc_nano.a(libc_a-mallocr.o)
                0x000000000800fdcc                _malloc_r
 .text.__malloc_lock
                0x000000000800fecc        0xc C:/ST/STM32CubeIDE_1.11.2/STM32CubeIDE/plugins/com.st.stm32cube.ide.mcu.externaltools.gnu-tools-for-stm32.11.3.rel1.win32_1.1.1.202309131626/tools/bin/../lib/gcc/arm-none-eabi/11.3.1/../../../../arm-none-eabi/lib/thumb/v7e-m+fp/hard\libc_nano.a(libc_a-mlock.o)
                0x000000000800fecc                __malloc_lock
 .text.__malloc_unlock
                0x000000000800fed8        0xc C:/ST/STM32CubeIDE_1.11.2/STM32CubeIDE/plugins/com.st.stm32cube.ide.mcu.externaltools.gnu-tools-for-stm32.11.3.rel1.win32_1.1.1.202309131626/tools/bin/../lib/gcc/arm-none-eabi/11.3.1/../../../../arm-none-eabi/lib/thumb/v7e-m+fp/hard\libc_nano.a(libc_a-mlock.o)
                0x000000000800fed8                __malloc_unlock
 .text._Balloc  0x000000000800fee4       0x80 C:/ST/STM32CubeIDE_1.11.2/STM32CubeIDE/plugins/com.st.stm32cube.ide.mcu.externaltools.gnu-tools-for-stm32.11.3.rel1.win32_1.1.1.202309131626/tools/bin/../lib/gcc/arm-none-eabi/11.3.1/../../../../arm-none-eabi/lib/thumb/v7e-m+fp/hard\libc_nano.a(libc_a-mprec.o)
                0x000000000800fee4                _Balloc
 .text._Bfree   0x000000000800ff64       0x44 C:/ST/STM32CubeIDE_1.11.2/STM32CubeIDE/plugins/com.st.stm32cube.ide.mcu.externaltools.gnu-tools-for-stm32.11.3.rel1.win32_1.1.1.202309131626/tools/bin/../lib/gcc/arm-none-eabi/11.3.1/../../../../arm-none-eabi/lib/thumb/v7e-m+fp/hard\libc_nano.a(libc_a-mprec.o)
                0x000000000800ff64                _Bfree
 .text.__multadd
                0x000000000800ffa8       0x8c C:/ST/STM32CubeIDE_1.11.2/STM32CubeIDE/plugins/com.st.stm32cube.ide.mcu.externaltools.gnu-tools-for-stm32.11.3.rel1.win32_1.1.1.202309131626/tools/bin/../lib/gcc/arm-none-eabi/11.3.1/../../../../arm-none-eabi/lib/thumb/v7e-m+fp/hard\libc_nano.a(libc_a-mprec.o)
                0x000000000800ffa8                __multadd
 .text.__hi0bits
                0x0000000008010034       0x40 C:/ST/STM32CubeIDE_1.11.2/STM32CubeIDE/plugins/com.st.stm32cube.ide.mcu.externaltools.gnu-tools-for-stm32.11.3.rel1.win32_1.1.1.202309131626/tools/bin/../lib/gcc/arm-none-eabi/11.3.1/../../../../arm-none-eabi/lib/thumb/v7e-m+fp/hard\libc_nano.a(libc_a-mprec.o)
                0x0000000008010034                __hi0bits
 .text.__lo0bits
                0x0000000008010074       0x5a C:/ST/STM32CubeIDE_1.11.2/STM32CubeIDE/plugins/com.st.stm32cube.ide.mcu.externaltools.gnu-tools-for-stm32.11.3.rel1.win32_1.1.1.202309131626/tools/bin/../lib/gcc/arm-none-eabi/11.3.1/../../../../arm-none-eabi/lib/thumb/v7e-m+fp/hard\libc_nano.a(libc_a-mprec.o)
                0x0000000008010074                __lo0bits
 *fill*         0x00000000080100ce        0x2 
 .text.__i2b    0x00000000080100d0       0x2c C:/ST/STM32CubeIDE_1.11.2/STM32CubeIDE/plugins/com.st.stm32cube.ide.mcu.externaltools.gnu-tools-for-stm32.11.3.rel1.win32_1.1.1.202309131626/tools/bin/../lib/gcc/arm-none-eabi/11.3.1/../../../../arm-none-eabi/lib/thumb/v7e-m+fp/hard\libc_nano.a(libc_a-mprec.o)
                0x00000000080100d0                __i2b
 .text.__multiply
                0x00000000080100fc      0x154 C:/ST/STM32CubeIDE_1.11.2/STM32CubeIDE/plugins/com.st.stm32cube.ide.mcu.externaltools.gnu-tools-for-stm32.11.3.rel1.win32_1.1.1.202309131626/tools/bin/../lib/gcc/arm-none-eabi/11.3.1/../../../../arm-none-eabi/lib/thumb/v7e-m+fp/hard\libc_nano.a(libc_a-mprec.o)
                0x00000000080100fc                __multiply
 .text.__pow5mult
                0x0000000008010250       0xb4 C:/ST/STM32CubeIDE_1.11.2/STM32CubeIDE/plugins/com.st.stm32cube.ide.mcu.externaltools.gnu-tools-for-stm32.11.3.rel1.win32_1.1.1.202309131626/tools/bin/../lib/gcc/arm-none-eabi/11.3.1/../../../../arm-none-eabi/lib/thumb/v7e-m+fp/hard\libc_nano.a(libc_a-mprec.o)
                0x0000000008010250                __pow5mult
 .text.__lshift
                0x0000000008010304       0xd8 C:/ST/STM32CubeIDE_1.11.2/STM32CubeIDE/plugins/com.st.stm32cube.ide.mcu.externaltools.gnu-tools-for-stm32.11.3.rel1.win32_1.1.1.202309131626/tools/bin/../lib/gcc/arm-none-eabi/11.3.1/../../../../arm-none-eabi/lib/thumb/v7e-m+fp/hard\libc_nano.a(libc_a-mprec.o)
                0x0000000008010304                __lshift
 .text.__mcmp   0x00000000080103dc       0x38 C:/ST/STM32CubeIDE_1.11.2/STM32CubeIDE/plugins/com.st.stm32cube.ide.mcu.externaltools.gnu-tools-for-stm32.11.3.rel1.win32_1.1.1.202309131626/tools/bin/../lib/gcc/arm-none-eabi/11.3.1/../../../../arm-none-eabi/lib/thumb/v7e-m+fp/hard\libc_nano.a(libc_a-mprec.o)
                0x00000000080103dc                __mcmp
 .text.__mdiff  0x0000000008010414      0x114 C:/ST/STM32CubeIDE_1.11.2/STM32CubeIDE/plugins/com.st.stm32cube.ide.mcu.externaltools.gnu-tools-for-stm32.11.3.rel1.win32_1.1.1.202309131626/tools/bin/../lib/gcc/arm-none-eabi/11.3.1/../../../../arm-none-eabi/lib/thumb/v7e-m+fp/hard\libc_nano.a(libc_a-mprec.o)
                0x0000000008010414                __mdiff
 .text.__d2b    0x0000000008010528       0xb4 C:/ST/STM32CubeIDE_1.11.2/STM32CubeIDE/plugins/com.st.stm32cube.ide.mcu.externaltools.gnu-tools-for-stm32.11.3.rel1.win32_1.1.1.202309131626/tools/bin/../lib/gcc/arm-none-eabi/11.3.1/../../../../arm-none-eabi/lib/thumb/v7e-m+fp/hard\libc_nano.a(libc_a-mprec.o)
                0x0000000008010528                __d2b
 .text.__sflush_r
                0x00000000080105dc      0x10c C:/ST/STM32CubeIDE_1.11.2/STM32CubeIDE/plugins/com.st.stm32cube.ide.mcu.externaltools.gnu-tools-for-stm32.11.3.rel1.win32_1.1.1.202309131626/tools/bin/../lib/gcc/arm-none-eabi/11.3.1/../../../../arm-none-eabi/lib/thumb/v7e-m+fp/hard\libc_nano.a(libc_a-fflush.o)
                0x00000000080105dc                __sflush_r
 .text._fflush_r
                0x00000000080106e8       0x50 C:/ST/STM32CubeIDE_1.11.2/STM32CubeIDE/plugins/com.st.stm32cube.ide.mcu.externaltools.gnu-tools-for-stm32.11.3.rel1.win32_1.1.1.202309131626/tools/bin/../lib/gcc/arm-none-eabi/11.3.1/../../../../arm-none-eabi/lib/thumb/v7e-m+fp/hard\libc_nano.a(libc_a-fflush.o)
                0x00000000080106e8                _fflush_r
 .text._sbrk_r  0x0000000008010738       0x20 C:/ST/STM32CubeIDE_1.11.2/STM32CubeIDE/plugins/com.st.stm32cube.ide.mcu.externaltools.gnu-tools-for-stm32.11.3.rel1.win32_1.1.1.202309131626/tools/bin/../lib/gcc/arm-none-eabi/11.3.1/../../../../arm-none-eabi/lib/thumb/v7e-m+fp/hard\libc_nano.a(libc_a-sbrkr.o)
                0x0000000008010738                _sbrk_r
 .text.__assert_func
                0x0000000008010758       0x3c C:/ST/STM32CubeIDE_1.11.2/STM32CubeIDE/plugins/com.st.stm32cube.ide.mcu.externaltools.gnu-tools-for-stm32.11.3.rel1.win32_1.1.1.202309131626/tools/bin/../lib/gcc/arm-none-eabi/11.3.1/../../../../arm-none-eabi/lib/thumb/v7e-m+fp/hard\libc_nano.a(libc_a-assert.o)
                0x0000000008010758                __assert_func
 .text._calloc_r
                0x0000000008010794       0x2c C:/ST/STM32CubeIDE_1.11.2/STM32CubeIDE/plugins/com.st.stm32cube.ide.mcu.externaltools.gnu-tools-for-stm32.11.3.rel1.win32_1.1.1.202309131626/tools/bin/../lib/gcc/arm-none-eabi/11.3.1/../../../../arm-none-eabi/lib/thumb/v7e-m+fp/hard\libc_nano.a(libc_a-callocr.o)
                0x0000000008010794                _calloc_r
 .text.__ascii_mbtowc
                0x00000000080107c0       0x24 C:/ST/STM32CubeIDE_1.11.2/STM32CubeIDE/plugins/com.st.stm32cube.ide.mcu.externaltools.gnu-tools-for-stm32.11.3.rel1.win32_1.1.1.202309131626/tools/bin/../lib/gcc/arm-none-eabi/11.3.1/../../../../arm-none-eabi/lib/thumb/v7e-m+fp/hard\libc_nano.a(libc_a-mbtowc_r.o)
                0x00000000080107c0                __ascii_mbtowc
 .text.__ascii_wctomb
                0x00000000080107e4       0x1a C:/ST/STM32CubeIDE_1.11.2/STM32CubeIDE/plugins/com.st.stm32cube.ide.mcu.externaltools.gnu-tools-for-stm32.11.3.rel1.win32_1.1.1.202309131626/tools/bin/../lib/gcc/arm-none-eabi/11.3.1/../../../../arm-none-eabi/lib/thumb/v7e-m+fp/hard\libc_nano.a(libc_a-wctomb_r.o)
                0x00000000080107e4                __ascii_wctomb
 *fill*         0x00000000080107fe        0x2 
 .text.fprintf  0x0000000008010800       0x24 C:/ST/STM32CubeIDE_1.11.2/STM32CubeIDE/plugins/com.st.stm32cube.ide.mcu.externaltools.gnu-tools-for-stm32.11.3.rel1.win32_1.1.1.202309131626/tools/bin/../lib/gcc/arm-none-eabi/11.3.1/../../../../arm-none-eabi/lib/thumb/v7e-m+fp/hard\libc_nano.a(libc_a-fprintf.o)
                0x0000000008010800                fiprintf
                0x0000000008010800                fprintf
 .text.abort    0x0000000008010824        0xe C:/ST/STM32CubeIDE_1.11.2/STM32CubeIDE/plugins/com.st.stm32cube.ide.mcu.externaltools.gnu-tools-for-stm32.11.3.rel1.win32_1.1.1.202309131626/tools/bin/../lib/gcc/arm-none-eabi/11.3.1/../../../../arm-none-eabi/lib/thumb/v7e-m+fp/hard\libc_nano.a(libc_a-abort.o)
                0x0000000008010824                abort
 .text.__sfputc_r
                0x0000000008010832       0x2e C:/ST/STM32CubeIDE_1.11.2/STM32CubeIDE/plugins/com.st.stm32cube.ide.mcu.externaltools.gnu-tools-for-stm32.11.3.rel1.win32_1.1.1.202309131626/tools/bin/../lib/gcc/arm-none-eabi/11.3.1/../../../../arm-none-eabi/lib/thumb/v7e-m+fp/hard\libc_nano.a(libc_a-nano-vfprintf.o)
 .text.__sfputs_r
                0x0000000008010860       0x24 C:/ST/STM32CubeIDE_1.11.2/STM32CubeIDE/plugins/com.st.stm32cube.ide.mcu.externaltools.gnu-tools-for-stm32.11.3.rel1.win32_1.1.1.202309131626/tools/bin/../lib/gcc/arm-none-eabi/11.3.1/../../../../arm-none-eabi/lib/thumb/v7e-m+fp/hard\libc_nano.a(libc_a-nano-vfprintf.o)
                0x0000000008010860                __sfputs_r
 .text._vfprintf_r
                0x0000000008010884      0x234 C:/ST/STM32CubeIDE_1.11.2/STM32CubeIDE/plugins/com.st.stm32cube.ide.mcu.externaltools.gnu-tools-for-stm32.11.3.rel1.win32_1.1.1.202309131626/tools/bin/../lib/gcc/arm-none-eabi/11.3.1/../../../../arm-none-eabi/lib/thumb/v7e-m+fp/hard\libc_nano.a(libc_a-nano-vfprintf.o)
                0x0000000008010884                _vfprintf_r
                0x0000000008010884                _vfiprintf_r
 .text.__swbuf_r
                0x0000000008010ab8       0x7a C:/ST/STM32CubeIDE_1.11.2/STM32CubeIDE/plugins/com.st.stm32cube.ide.mcu.externaltools.gnu-tools-for-stm32.11.3.rel1.win32_1.1.1.202309131626/tools/bin/../lib/gcc/arm-none-eabi/11.3.1/../../../../arm-none-eabi/lib/thumb/v7e-m+fp/hard\libc_nano.a(libc_a-wbuf.o)
                0x0000000008010ab8                __swbuf_r
 *fill*         0x0000000008010b32        0x2 
 .text.__swsetup_r
                0x0000000008010b34       0xb0 C:/ST/STM32CubeIDE_1.11.2/STM32CubeIDE/plugins/com.st.stm32cube.ide.mcu.externaltools.gnu-tools-for-stm32.11.3.rel1.win32_1.1.1.202309131626/tools/bin/../lib/gcc/arm-none-eabi/11.3.1/../../../../arm-none-eabi/lib/thumb/v7e-m+fp/hard\libc_nano.a(libc_a-wsetup.o)
                0x0000000008010b34                __swsetup_r
 .text._raise_r
                0x0000000008010be4       0x50 C:/ST/STM32CubeIDE_1.11.2/STM32CubeIDE/plugins/com.st.stm32cube.ide.mcu.externaltools.gnu-tools-for-stm32.11.3.rel1.win32_1.1.1.202309131626/tools/bin/../lib/gcc/arm-none-eabi/11.3.1/../../../../arm-none-eabi/lib/thumb/v7e-m+fp/hard\libc_nano.a(libc_a-signal.o)
                0x0000000008010be4                _raise_r
 .text.raise    0x0000000008010c34       0x10 C:/ST/STM32CubeIDE_1.11.2/STM32CubeIDE/plugins/com.st.stm32cube.ide.mcu.externaltools.gnu-tools-for-stm32.11.3.rel1.win32_1.1.1.202309131626/tools/bin/../lib/gcc/arm-none-eabi/11.3.1/../../../../arm-none-eabi/lib/thumb/v7e-m+fp/hard\libc_nano.a(libc_a-signal.o)
                0x0000000008010c34                raise
 .text._kill_r  0x0000000008010c44       0x24 C:/ST/STM32CubeIDE_1.11.2/STM32CubeIDE/plugins/com.st.stm32cube.ide.mcu.externaltools.gnu-tools-for-stm32.11.3.rel1.win32_1.1.1.202309131626/tools/bin/../lib/gcc/arm-none-eabi/11.3.1/../../../../arm-none-eabi/lib/thumb/v7e-m+fp/hard\libc_nano.a(libc_a-signalr.o)
                0x0000000008010c44                _kill_r
 .text._getpid_r
                0x0000000008010c68        0x4 C:/ST/STM32CubeIDE_1.11.2/STM32CubeIDE/plugins/com.st.stm32cube.ide.mcu.externaltools.gnu-tools-for-stm32.11.3.rel1.win32_1.1.1.202309131626/tools/bin/../lib/gcc/arm-none-eabi/11.3.1/../../../../arm-none-eabi/lib/thumb/v7e-m+fp/hard\libc_nano.a(libc_a-signalr.o)
                0x0000000008010c68                _getpid_r
 .text.__swhatbuf_r
                0x0000000008010c6c       0x4c C:/ST/STM32CubeIDE_1.11.2/STM32CubeIDE/plugins/com.st.stm32cube.ide.mcu.externaltools.gnu-tools-for-stm32.11.3.rel1.win32_1.1.1.202309131626/tools/bin/../lib/gcc/arm-none-eabi/11.3.1/../../../../arm-none-eabi/lib/thumb/v7e-m+fp/hard\libc_nano.a(libc_a-makebuf.o)
                0x0000000008010c6c                __swhatbuf_r
 .text.__smakebuf_r
                0x0000000008010cb8       0x78 C:/ST/STM32CubeIDE_1.11.2/STM32CubeIDE/plugins/com.st.stm32cube.ide.mcu.externaltools.gnu-tools-for-stm32.11.3.rel1.win32_1.1.1.202309131626/tools/bin/../lib/gcc/arm-none-eabi/11.3.1/../../../../arm-none-eabi/lib/thumb/v7e-m+fp/hard\libc_nano.a(libc_a-makebuf.o)
                0x0000000008010cb8                __smakebuf_r
 .text._fstat_r
                0x0000000008010d30       0x24 C:/ST/STM32CubeIDE_1.11.2/STM32CubeIDE/plugins/com.st.stm32cube.ide.mcu.externaltools.gnu-tools-for-stm32.11.3.rel1.win32_1.1.1.202309131626/tools/bin/../lib/gcc/arm-none-eabi/11.3.1/../../../../arm-none-eabi/lib/thumb/v7e-m+fp/hard\libc_nano.a(libc_a-fstatr.o)
                0x0000000008010d30                _fstat_r
 .text._isatty_r
                0x0000000008010d54       0x20 C:/ST/STM32CubeIDE_1.11.2/STM32CubeIDE/plugins/com.st.stm32cube.ide.mcu.externaltools.gnu-tools-for-stm32.11.3.rel1.win32_1.1.1.202309131626/tools/bin/../lib/gcc/arm-none-eabi/11.3.1/../../../../arm-none-eabi/lib/thumb/v7e-m+fp/hard\libc_nano.a(libc_a-isattyr.o)
                0x0000000008010d54                _isatty_r
 *(.glue_7)
 .glue_7        0x0000000008010d74        0x0 linker stubs
 *(.glue_7t)
 .glue_7t       0x0000000008010d74        0x0 linker stubs
 *(.eh_frame)
 .eh_frame      0x0000000008010d74        0x0 C:/ST/STM32CubeIDE_1.11.2/STM32CubeIDE/plugins/com.st.stm32cube.ide.mcu.externaltools.gnu-tools-for-stm32.11.3.rel1.win32_1.1.1.202309131626/tools/bin/../lib/gcc/arm-none-eabi/11.3.1/thumb/v7e-m+fp/hard/crtbegin.o
 *(.init)
 .init          0x0000000008010d74        0x4 C:/ST/STM32CubeIDE_1.11.2/STM32CubeIDE/plugins/com.st.stm32cube.ide.mcu.externaltools.gnu-tools-for-stm32.11.3.rel1.win32_1.1.1.202309131626/tools/bin/../lib/gcc/arm-none-eabi/11.3.1/thumb/v7e-m+fp/hard/crti.o
                0x0000000008010d74                _init
 .init          0x0000000008010d78        0x8 C:/ST/STM32CubeIDE_1.11.2/STM32CubeIDE/plugins/com.st.stm32cube.ide.mcu.externaltools.gnu-tools-for-stm32.11.3.rel1.win32_1.1.1.202309131626/tools/bin/../lib/gcc/arm-none-eabi/11.3.1/thumb/v7e-m+fp/hard/crtn.o
 *(.fini)
 .fini          0x0000000008010d80        0x4 C:/ST/STM32CubeIDE_1.11.2/STM32CubeIDE/plugins/com.st.stm32cube.ide.mcu.externaltools.gnu-tools-for-stm32.11.3.rel1.win32_1.1.1.202309131626/tools/bin/../lib/gcc/arm-none-eabi/11.3.1/thumb/v7e-m+fp/hard/crti.o
                0x0000000008010d80                _fini
 .fini          0x0000000008010d84        0x8 C:/ST/STM32CubeIDE_1.11.2/STM32CubeIDE/plugins/com.st.stm32cube.ide.mcu.externaltools.gnu-tools-for-stm32.11.3.rel1.win32_1.1.1.202309131626/tools/bin/../lib/gcc/arm-none-eabi/11.3.1/thumb/v7e-m+fp/hard/crtn.o
                0x0000000008010d8c                . = ALIGN (0x4)
                0x0000000008010d8c                _etext = .

.vfp11_veneer   0x0000000008010d8c        0x0
 .vfp11_veneer  0x0000000008010d8c        0x0 linker stubs

.v4_bx          0x0000000008010d8c        0x0
 .v4_bx         0x0000000008010d8c        0x0 linker stubs

.iplt           0x0000000008010d8c        0x0
 .iplt          0x0000000008010d8c        0x0 C:/ST/STM32CubeIDE_1.11.2/STM32CubeIDE/plugins/com.st.stm32cube.ide.mcu.externaltools.gnu-tools-for-stm32.11.3.rel1.win32_1.1.1.202309131626/tools/bin/../lib/gcc/arm-none-eabi/11.3.1/thumb/v7e-m+fp/hard/crtbegin.o

.rodata         0x0000000008010d90      0x4f4
                0x0000000008010d90                . = ALIGN (0x4)
 *(.rodata)
 .rodata        0x0000000008010d90      0x144 ./Core/Src/main.o
 .rodata        0x0000000008010ed4        0x5 ./Middlewares/Third_Party/FreeRTOS/Source/tasks.o
 *(.rodata*)
 *fill*         0x0000000008010ed9        0x3 
 .rodata.AHBPrescTable
                0x0000000008010edc       0x10 ./Core/Src/system_stm32f3xx.o
                0x0000000008010edc                AHBPrescTable
 .rodata.APBPrescTable
                0x0000000008010eec        0x8 ./Core/Src/system_stm32f3xx.o
                0x0000000008010eec                APBPrescTable
 .rodata.aPLLMULFactorTable
                0x0000000008010ef4       0x10 ./Drivers/STM32F3xx_HAL_Driver/Src/stm32f3xx_hal_rcc.o
 .rodata.aPredivFactorTable
                0x0000000008010f04       0x10 ./Drivers/STM32F3xx_HAL_Driver/Src/stm32f3xx_hal_rcc.o
 .rodata._printf_float.str1.1
                0x0000000008010f14       0x12 C:/ST/STM32CubeIDE_1.11.2/STM32CubeIDE/plugins/com.st.stm32cube.ide.mcu.externaltools.gnu-tools-for-stm32.11.3.rel1.win32_1.1.1.202309131626/tools/bin/../lib/gcc/arm-none-eabi/11.3.1/../../../../arm-none-eabi/lib/thumb/v7e-m+fp/hard\libc_nano.a(libc_a-nano-vfprintf_float.o)
 .rodata._printf_i.str1.1
                0x0000000008010f26       0x22 C:/ST/STM32CubeIDE_1.11.2/STM32CubeIDE/plugins/com.st.stm32cube.ide.mcu.externaltools.gnu-tools-for-stm32.11.3.rel1.win32_1.1.1.202309131626/tools/bin/../lib/gcc/arm-none-eabi/11.3.1/../../../../arm-none-eabi/lib/thumb/v7e-m+fp/hard\libc_nano.a(libc_a-nano-vfprintf_i.o)
 .rodata._dtoa_r.str1.1
                0x0000000008010f48       0x8d C:/ST/STM32CubeIDE_1.11.2/STM32CubeIDE/plugins/com.st.stm32cube.ide.mcu.externaltools.gnu-tools-for-stm32.11.3.rel1.win32_1.1.1.202309131626/tools/bin/../lib/gcc/arm-none-eabi/11.3.1/../../../../arm-none-eabi/lib/thumb/v7e-m+fp/hard\libc_nano.a(libc_a-dtoa.o)
                                         0x8f (size before relaxing)
 .rodata._Balloc.str1.1
                0x0000000008010fd5       0x59 C:/ST/STM32CubeIDE_1.11.2/STM32CubeIDE/plugins/com.st.stm32cube.ide.mcu.externaltools.gnu-tools-for-stm32.11.3.rel1.win32_1.1.1.202309131626/tools/bin/../lib/gcc/arm-none-eabi/11.3.1/../../../../arm-none-eabi/lib/thumb/v7e-m+fp/hard\libc_nano.a(libc_a-mprec.o)
                                         0x70 (size before relaxing)
 .rodata.__multadd.str1.1
                0x000000000801102e       0x11 C:/ST/STM32CubeIDE_1.11.2/STM32CubeIDE/plugins/com.st.stm32cube.ide.mcu.externaltools.gnu-tools-for-stm32.11.3.rel1.win32_1.1.1.202309131626/tools/bin/../lib/gcc/arm-none-eabi/11.3.1/../../../../arm-none-eabi/lib/thumb/v7e-m+fp/hard\libc_nano.a(libc_a-mprec.o)
 *fill*         0x000000000801102e        0x2 
 .rodata.__mprec_bigtens