../Core/Src/main.c:209:6:HAL_UART_RxCpltCallback	16	static
../Core/Src/main.c:216:6:HAL_GPIO_EXTI_Callback	16	static
../Core/Src/main.c:279:6:HAL_ADC_ConvCpltCallback	16	static
../Core/Src/main.c:294:5:main	336	static
../Core/Src/main.c:474:6:SystemClock_Config	160	static
../Core/Src/main.c:534:13:MX_ADC2_Init	32	static
../Core/Src/main.c:591:13:MX_CRC_Init	8	static
../Core/Src/main.c:622:13:MX_I2C1_Init	8	static
../Core/Src/main.c:670:13:MX_SPI1_Init	8	static
../Core/Src/main.c:710:13:MX_TIM1_Init	112	static
../Core/Src/main.c:790:13:MX_TIM2_Init	40	static
../Core/Src/main.c:835:13:MX_TIM8_Init	112	static
../Core/Src/main.c:915:13:MX_TIM15_Init	112	static
../Core/Src/main.c:991:13:MX_TIM16_Init	80	static
../Core/Src/main.c:1054:13:MX_USART1_UART_Init	8	static
../Core/Src/main.c:1089:13:MX_USART2_UART_Init	8	static
../Core/Src/main.c:1124:13:MX_USART3_UART_Init	8	static
../Core/Src/main.c:1157:13:MX_DMA_Init	16	static
../Core/Src/main.c:1190:13:MX_GPIO_Init	40	static
../Core/Src/main.c:1248:6:StartDefaultTask	16	static
../Core/Src/main.c:1271:6:StartTxTask	112	static
../Core/Src/main.c:1425:6:StartRxTask	48	static
../Core/Src/main.c:1505:6:StartCinematicConv	64	static
../Core/Src/main.c:1559:6:StartControlVel	208	static
../Core/Src/main.c:1905:6:StartMeasureAccel	40	static
../Core/Src/main.c:2062:6:StartMeasureVel	48	static
../Core/Src/main.c:2166:6:HAL_TIM_PeriodElapsedCallback	16	static
../Core/Src/main.c:2183:6:Error_Handler	4	static,ignoring_inline_asm
