../Core/Src/main.c:201:6:HAL_UART_RxCpltCallback	16	static
../Core/Src/main.c:208:6:HAL_GPIO_EXTI_Callback	16	static
../Core/Src/main.c:271:6:HAL_ADC_ConvCpltCallback	16	static
../Core/Src/main.c:286:5:main	336	static
../Core/Src/main.c:464:6:SystemClock_Config	160	static
../Core/Src/main.c:521:13:MX_ADC2_Init	32	static
../Core/Src/main.c:578:13:MX_CRC_Init	8	static
../Core/Src/main.c:609:13:MX_I2C1_Init	8	static
../Core/Src/main.c:657:13:MX_SPI1_Init	8	static
../Core/Src/main.c:697:13:MX_TIM1_Init	112	static
../Core/Src/main.c:777:13:MX_TIM2_Init	40	static
../Core/Src/main.c:822:13:MX_TIM8_Init	112	static
../Core/Src/main.c:902:13:MX_TIM15_Init	112	static
../Core/Src/main.c:978:13:MX_TIM16_Init	80	static
../Core/Src/main.c:1041:13:MX_USART1_UART_Init	8	static
../Core/Src/main.c:1074:13:MX_DMA_Init	16	static
../Core/Src/main.c:1095:13:MX_GPIO_Init	40	static
../Core/Src/main.c:1153:6:StartDefaultTask	16	static
../Core/Src/main.c:1176:6:StartTxTask	112	static
../Core/Src/main.c:1330:6:StartRxTask	48	static
../Core/Src/main.c:1426:6:StartCinematicConv	64	static
../Core/Src/main.c:1480:6:StartControlVel	208	static
../Core/Src/main.c:2010:6:StartMeasureAccel	40	static
../Core/Src/main.c:2327:6:StartMeasureVel	48	static
../Core/Src/main.c:2431:6:HAL_TIM_PeriodElapsedCallback	16	static
../Core/Src/main.c:2448:6:Error_Handler	4	static,ignoring_inline_asm
