../Core/Src/stm32f3xx_it.c:75:6:NMI_Handler	4	static
../Core/Src/stm32f3xx_it.c:90:6:HardFault_Handler	4	static
../Core/Src/stm32f3xx_it.c:105:6:MemManage_Handler	4	static
../Core/Src/stm32f3xx_it.c:120:6:BusFault_Handler	4	static
../Core/Src/stm32f3xx_it.c:135:6:UsageFault_Handler	4	static
../Core/Src/stm32f3xx_it.c:150:6:DebugMon_Handler	4	static
../Core/Src/stm32f3xx_it.c:170:6:EXTI0_IRQHandler	8	static
../Core/Src/stm32f3xx_it.c:184:6:DMA1_Channel4_IRQHandler	8	static
../Core/Src/stm32f3xx_it.c:198:6:DMA1_Channel5_IRQHandler	8	static
../Core/Src/stm32f3xx_it.c:212:6:ADC1_2_IRQHandler	8	static
../Core/Src/stm32f3xx_it.c:226:6:EXTI9_5_IRQHandler	8	static
../Core/Src/stm32f3xx_it.c:241:6:I2C1_EV_IRQHandler	8	static
../Core/Src/stm32f3xx_it.c:255:6:I2C1_ER_IRQHandler	8	static
../Core/Src/stm32f3xx_it.c:269:6:USART1_IRQHandler	8	static
../Core/Src/stm32f3xx_it.c:283:6:EXTI15_10_IRQHandler	8	static
../Core/Src/stm32f3xx_it.c:298:6:TIM6_DAC_IRQHandler	8	static
